Archive member included to satisfy reference by file (symbol)

/usr/lib/gcc/arm-none-eabi/13.2.1/../../../arm-none-eabi/lib/thumb/v7e-m+fp/hard/libc_nano.a(libc_a-init.o)
                              /usr/lib/gcc/arm-none-eabi/13.2.1/../../../arm-none-eabi/lib/thumb/v7e-m+fp/hard/crt0.o (__libc_init_array)
/usr/lib/gcc/arm-none-eabi/13.2.1/../../../arm-none-eabi/lib/thumb/v7e-m+fp/hard/libc_nano.a(libc_a-memset.o)
                              /usr/lib/gcc/arm-none-eabi/13.2.1/../../../arm-none-eabi/lib/thumb/v7e-m+fp/hard/crt0.o (memset)
/usr/lib/gcc/arm-none-eabi/13.2.1/../../../arm-none-eabi/lib/thumb/v7e-m+fp/hard/libc_nano.a(libc_a-exit.o)
                              /usr/lib/gcc/arm-none-eabi/13.2.1/../../../arm-none-eabi/lib/thumb/v7e-m+fp/hard/crt0.o (exit)
/usr/lib/gcc/arm-none-eabi/13.2.1/../../../arm-none-eabi/lib/thumb/v7e-m+fp/hard/libc_nano.a(libc_a-atexit.o)
                              /usr/lib/gcc/arm-none-eabi/13.2.1/../../../arm-none-eabi/lib/thumb/v7e-m+fp/hard/crt0.o (atexit)
/usr/lib/gcc/arm-none-eabi/13.2.1/../../../arm-none-eabi/lib/thumb/v7e-m+fp/hard/libc_nano.a(libc_a-fini.o)
                              /usr/lib/gcc/arm-none-eabi/13.2.1/../../../arm-none-eabi/lib/thumb/v7e-m+fp/hard/crt0.o (__libc_fini_array)
/usr/lib/gcc/arm-none-eabi/13.2.1/../../../arm-none-eabi/lib/thumb/v7e-m+fp/hard/libc_nano.a(libc_a-findfp.o)
                              /usr/lib/gcc/arm-none-eabi/13.2.1/../../../arm-none-eabi/lib/thumb/v7e-m+fp/hard/libc_nano.a(libc_a-exit.o) (__stdio_exit_handler)
/usr/lib/gcc/arm-none-eabi/13.2.1/../../../arm-none-eabi/lib/thumb/v7e-m+fp/hard/libc_nano.a(libc_a-fflush.o)
                              /usr/lib/gcc/arm-none-eabi/13.2.1/../../../arm-none-eabi/lib/thumb/v7e-m+fp/hard/libc_nano.a(libc_a-findfp.o) (_fflush_r)
/usr/lib/gcc/arm-none-eabi/13.2.1/../../../arm-none-eabi/lib/thumb/v7e-m+fp/hard/libc_nano.a(libc_a-mallocr.o)
                              /usr/lib/gcc/arm-none-eabi/13.2.1/../../../arm-none-eabi/lib/thumb/v7e-m+fp/hard/libc_nano.a(libc_a-findfp.o) (_malloc_r)
/usr/lib/gcc/arm-none-eabi/13.2.1/../../../arm-none-eabi/lib/thumb/v7e-m+fp/hard/libc_nano.a(libc_a-freer.o)
                              /usr/lib/gcc/arm-none-eabi/13.2.1/../../../arm-none-eabi/lib/thumb/v7e-m+fp/hard/libc_nano.a(libc_a-fflush.o) (_free_r)
/usr/lib/gcc/arm-none-eabi/13.2.1/../../../arm-none-eabi/lib/thumb/v7e-m+fp/hard/libc_nano.a(libc_a-fwalk.o)
                              /usr/lib/gcc/arm-none-eabi/13.2.1/../../../arm-none-eabi/lib/thumb/v7e-m+fp/hard/libc_nano.a(libc_a-findfp.o) (_fwalk_sglue)
/usr/lib/gcc/arm-none-eabi/13.2.1/../../../arm-none-eabi/lib/thumb/v7e-m+fp/hard/libc_nano.a(libc_a-__atexit.o)
                              /usr/lib/gcc/arm-none-eabi/13.2.1/../../../arm-none-eabi/lib/thumb/v7e-m+fp/hard/libc_nano.a(libc_a-atexit.o) (__register_exitproc)
/usr/lib/gcc/arm-none-eabi/13.2.1/../../../arm-none-eabi/lib/thumb/v7e-m+fp/hard/libc_nano.a(libc_a-mlock.o)
                              /usr/lib/gcc/arm-none-eabi/13.2.1/../../../arm-none-eabi/lib/thumb/v7e-m+fp/hard/libc_nano.a(libc_a-mallocr.o) (__malloc_lock)
/usr/lib/gcc/arm-none-eabi/13.2.1/../../../arm-none-eabi/lib/thumb/v7e-m+fp/hard/libc_nano.a(libc_a-sbrkr.o)
                              /usr/lib/gcc/arm-none-eabi/13.2.1/../../../arm-none-eabi/lib/thumb/v7e-m+fp/hard/libc_nano.a(libc_a-mallocr.o) (_sbrk_r)
/usr/lib/gcc/arm-none-eabi/13.2.1/../../../arm-none-eabi/lib/thumb/v7e-m+fp/hard/libc_nano.a(libc_a-stdio.o)
                              /usr/lib/gcc/arm-none-eabi/13.2.1/../../../arm-none-eabi/lib/thumb/v7e-m+fp/hard/libc_nano.a(libc_a-findfp.o) (__sread)
/usr/lib/gcc/arm-none-eabi/13.2.1/../../../arm-none-eabi/lib/thumb/v7e-m+fp/hard/libc_nano.a(libc_a-impure.o)
                              /usr/lib/gcc/arm-none-eabi/13.2.1/../../../arm-none-eabi/lib/thumb/v7e-m+fp/hard/libc_nano.a(libc_a-fflush.o) (_impure_ptr)
/usr/lib/gcc/arm-none-eabi/13.2.1/../../../arm-none-eabi/lib/thumb/v7e-m+fp/hard/libc_nano.a(libc_a-closer.o)
                              /usr/lib/gcc/arm-none-eabi/13.2.1/../../../arm-none-eabi/lib/thumb/v7e-m+fp/hard/libc_nano.a(libc_a-stdio.o) (_close_r)
/usr/lib/gcc/arm-none-eabi/13.2.1/../../../arm-none-eabi/lib/thumb/v7e-m+fp/hard/libc_nano.a(libc_a-__call_atexit.o)
                              /usr/lib/gcc/arm-none-eabi/13.2.1/../../../arm-none-eabi/lib/thumb/v7e-m+fp/hard/libc_nano.a(libc_a-__atexit.o) (__call_exitprocs)
/usr/lib/gcc/arm-none-eabi/13.2.1/../../../arm-none-eabi/lib/thumb/v7e-m+fp/hard/libc_nano.a(libc_a-readr.o)
                              /usr/lib/gcc/arm-none-eabi/13.2.1/../../../arm-none-eabi/lib/thumb/v7e-m+fp/hard/libc_nano.a(libc_a-stdio.o) (_read_r)
/usr/lib/gcc/arm-none-eabi/13.2.1/../../../arm-none-eabi/lib/thumb/v7e-m+fp/hard/libc_nano.a(libc_a-reent.o)
                              /usr/lib/gcc/arm-none-eabi/13.2.1/../../../arm-none-eabi/lib/thumb/v7e-m+fp/hard/libc_nano.a(libc_a-sbrkr.o) (errno)
[...]
Memory Configuration

Name             Origin             Length             Attributes
RAM              0x20000000         0x00020000         xrw
FLASH            0x08000000         0x00080000         xr
*default*        0x00000000         0xffffffff

Linker script and memory map

LOAD /usr/lib/gcc/arm-none-eabi/13.2.1/thumb/v7e-m+fp/hard/crti.o
LOAD /usr/lib/gcc/arm-none-eabi/13.2.1/thumb/v7e-m+fp/hard/crtbegin.o
LOAD /usr/lib/gcc/arm-none-eabi/13.2.1/../../../arm-none-eabi/lib/thumb/v7e-m+fp/hard/crt0.o
LOAD build/main.o
LOAD build/stm32g4xx_it.o
LOAD build/stm32g4xx_hal_msp.o
LOAD build/stm32g4xx_nucleo.o
LOAD build/stm32g4xx_hal.o
LOAD build/stm32g4xx_hal_rcc.o
LOAD build/stm32g4xx_hal_rcc_ex.o
LOAD build/stm32g4xx_hal_flash.o
LOAD build/stm32g4xx_hal_flash_ex.o
LOAD build/stm32g4xx_hal_flash_ramfunc.o
LOAD build/stm32g4xx_hal_gpio.o
LOAD build/stm32g4xx_hal_exti.o
LOAD build/stm32g4xx_hal_dma.o
LOAD build/stm32g4xx_hal_dma_ex.o
LOAD build/stm32g4xx_hal_pwr.o
LOAD build/stm32g4xx_hal_pwr_ex.o
LOAD build/stm32g4xx_hal_cortex.o
LOAD build/stm32g4xx_hal_usart.o
LOAD build/stm32g4xx_hal_usart_ex.o
LOAD build/stm32g4xx_hal_uart_ex.o
LOAD build/stm32g4xx_hal_uart.o
LOAD build/system_stm32g4xx.o
LOAD build/stm32g4xx_hal_i2c.o
LOAD build/stm32g4xx_hal_i2c_ex.o
LOAD build/startup_stm32g474xx.o
LOAD /usr/lib/gcc/arm-none-eabi/13.2.1/../../../arm-none-eabi/lib/thumb/v7e-m+fp/hard/libc_nano.a
LOAD /usr/lib/gcc/arm-none-eabi/13.2.1/../../../arm-none-eabi/lib/thumb/v7e-m+fp/hard/libm.a
LOAD /usr/lib/gcc/arm-none-eabi/13.2.1/../../../arm-none-eabi/lib/thumb/v7e-m+fp/hard/libnosys.a
START GROUP
LOAD /usr/lib/gcc/arm-none-eabi/13.2.1/thumb/v7e-m+fp/hard/libgcc.a
LOAD /usr/lib/gcc/arm-none-eabi/13.2.1/../../../arm-none-eabi/lib/thumb/v7e-m+fp/hard/libc_nano.a
END GROUP
START GROUP
LOAD /usr/lib/gcc/arm-none-eabi/13.2.1/thumb/v7e-m+fp/hard/libgcc.a
LOAD /usr/lib/gcc/arm-none-eabi/13.2.1/../../../arm-none-eabi/lib/thumb/v7e-m+fp/hard/libc_nano.a
END GROUP
LOAD /usr/lib/gcc/arm-none-eabi/13.2.1/thumb/v7e-m+fp/hard/crtend.o
LOAD /usr/lib/gcc/arm-none-eabi/13.2.1/thumb/v7e-m+fp/hard/crtn.o
                0x20020000                        _estack = (ORIGIN (RAM) + LENGTH (RAM))
                0x00000200                        _Min_Heap_Size = 0x200
                0x00000400                        _Min_Stack_Size = 0x400

.isr_vector     0x08000000      0x1d8
                0x08000000                        . = ALIGN (0x4)
 *(.isr_vector)
 .isr_vector    0x08000000      0x1d8 build/startup_stm32g474xx.o
                0x08000000                g_pfnVectors
                0x080001d8                        . = ALIGN (0x4)

.text           0x080001d8     0x28d4
                0x080001d8                        . = ALIGN (0x4)
 *(.text)
 .text          0x080001d8       0x88 /usr/lib/gcc/arm-none-eabi/13.2.1/thumb/v7e-m+fp/hard/crtbegin.o
 .text          0x08000260       0x50 /usr/lib/gcc/arm-none-eabi/13.2.1/../../../arm-none-eabi/lib/thumb/v7e-m+fp/hard/libc_nano.a(libc_a-init.o)
                0x08000260                __libc_init_array
 .text          0x080002b0       0xa4 /usr/lib/gcc/arm-none-eabi/13.2.1/../../../arm-none-eabi/lib/thumb/v7e-m+fp/hard/libc_nano.a(libc_a-memset.o)
                0x080002b0                memset
 .text          0x08000354       0x30 /usr/lib/gcc/arm-none-eabi/13.2.1/thumb/v7e-m+fp/hard/libgcc.a(_aeabi_uldivmod.o)
                0x08000354                __aeabi_uldivmod
 .text          0x08000384      0x2bc /usr/lib/gcc/arm-none-eabi/13.2.1/thumb/v7e-m+fp/hard/libgcc.a(_udivmoddi4.o)
                0x08000384                __udivmoddi4
 .text          0x08000640        0x4 /usr/lib/gcc/arm-none-eabi/13.2.1/thumb/v7e-m+fp/hard/libgcc.a(_dvmd_tls.o)
                0x08000640                __aeabi_ldiv0
                0x08000640                __aeabi_idiv0
 *(.text*)
 .text.MX_GPIO_Init
                0x08000644       0x84 build/main.o
 .text.scd41_start
                0x080006c8       0x30 build/main.o
                0x080006c8                scd41_start
 .text.scd41_read
                0x080006f8       0x4c build/main.o
                0x080006f8                scd41_read
 .text.Error_Handler
                0x08000744        0x4 build/main.o
                0x08000744                Error_Handler
 .text.MX_I2C1_Init
                0x08000748       0x54 build/main.o
 .text.SystemClock_Config
                0x0800079c       0x70 build/main.o
                0x0800079c                SystemClock_Config
 .text.main     0x0800080c       0x74 build/main.o
                0x0800080c                main
 .text.NMI_Handler
                0x08000880        0x2 build/stm32g4xx_it.o
                0x08000880                NMI_Handler
 .text.HardFault_Handler
                0x08000882        0x2 build/stm32g4xx_it.o
                0x08000882                HardFault_Handler
 .text.MemManage_Handler
                0x08000884        0x2 build/stm32g4xx_it.o
                0x08000884                MemManage_Handler
 .text.BusFault_Handler
                0x08000886        0x2 build/stm32g4xx_it.o
                0x08000886                BusFault_Handler
 .text.UsageFault_Handler
                0x08000888        0x2 build/stm32g4xx_it.o
                0x08000888                UsageFault_Handler
 .text.SVC_Handler
                0x0800088a        0x2 build/stm32g4xx_it.o
                0x0800088a                SVC_Handler
 .text.DebugMon_Handler
                0x0800088c        0x2 build/stm32g4xx_it.o
                0x0800088c                DebugMon_Handler
 .text.PendSV_Handler
                0x0800088e        0x2 build/stm32g4xx_it.o
                0x0800088e                PendSV_Handler
 .text.SysTick_Handler
                0x08000890        0x8 build/stm32g4xx_it.o
                0x08000890                SysTick_Handler
 .text.EXTI15_10_IRQHandler
                0x08000898        0xa build/stm32g4xx_it.o
                0x08000898                EXTI15_10_IRQHandler
 *fill*         0x080008a2        0x2 
 .text.HAL_MspInit
                0x080008a4       0x38 build/stm32g4xx_hal_msp.o
                0x080008a4                HAL_MspInit
 .text.HAL_I2C_MspInit
                0x080008dc       0x88 build/stm32g4xx_hal_msp.o
                0x080008dc                HAL_I2C_MspInit
 .text.COM1_MspInit
                0x08000964       0x78 build/stm32g4xx_nucleo.o
 .text.BSP_LED_Init
                0x080009dc       0x48 build/stm32g4xx_nucleo.o
                0x080009dc                BSP_LED_Init
 .text.BSP_LED_On
                0x08000a24       0x12 build/stm32g4xx_nucleo.o
                0x08000a24                BSP_LED_On
 *fill*         0x08000a36        0x2 
 .text.BSP_PB_Init
                0x08000a38       0x88 build/stm32g4xx_nucleo.o
                0x08000a38                BSP_PB_Init
 .text.BSP_PB_IRQHandler
                0x08000ac0       0x14 build/stm32g4xx_nucleo.o
                0x08000ac0                BSP_PB_IRQHandler
 .text.BSP_PB_Callback
                0x08000ad4        0x2 build/stm32g4xx_nucleo.o
                0x08000ad4                BSP_PB_Callback
 .text.BUTTON_USER_EXTI_Callback
                0x08000ad6        0xa build/stm32g4xx_nucleo.o
 .text.MX_LPUART1_Init
                0x08000ae0       0x30 build/stm32g4xx_nucleo.o
                0x08000ae0                MX_LPUART1_Init
 .text.BSP_COM_Init
                0x08000b10       0x34 build/stm32g4xx_nucleo.o
                0x08000b10                BSP_COM_Init
 .text.HAL_InitTick
                0x08000b44       0x50 build/stm32g4xx_hal.o
                0x08000b44                HAL_InitTick
 .text.HAL_Init
                0x08000b94       0x1e build/stm32g4xx_hal.o
                0x08000b94                HAL_Init
 *fill*         0x08000bb2        0x2 
 .text.HAL_IncTick
                0x08000bb4       0x18 build/stm32g4xx_hal.o
                0x08000bb4                HAL_IncTick
 .text.HAL_GetTick
                0x08000bcc        0xc build/stm32g4xx_hal.o
                0x08000bcc                HAL_GetTick
 .text.HAL_Delay
                0x08000bd8       0x28 build/stm32g4xx_hal.o
                0x08000bd8                HAL_Delay
 .text.RCC_GetSysClockFreqFromPLLSource
                0x08000c00       0x58 build/stm32g4xx_hal_rcc.o
 .text.HAL_RCC_OscConfig
                0x08000c58      0x4e4 build/stm32g4xx_hal_rcc.o
                0x08000c58                HAL_RCC_OscConfig
 .text.HAL_RCC_GetSysClockFreq
                0x0800113c       0x88 build/stm32g4xx_hal_rcc.o
                0x0800113c                HAL_RCC_GetSysClockFreq
 .text.HAL_RCC_ClockConfig
                0x080011c4      0x1f8 build/stm32g4xx_hal_rcc.o
                0x080011c4                HAL_RCC_ClockConfig
 .text.HAL_RCC_GetHCLKFreq
                0x080013bc        0xc build/stm32g4xx_hal_rcc.o
                0x080013bc                HAL_RCC_GetHCLKFreq
 .text.HAL_RCC_GetPCLK1Freq
                0x080013c8       0x24 build/stm32g4xx_hal_rcc.o
                0x080013c8                HAL_RCC_GetPCLK1Freq
 .text.HAL_RCC_GetPCLK2Freq
                0x080013ec       0x24 build/stm32g4xx_hal_rcc.o
                0x080013ec                HAL_RCC_GetPCLK2Freq
 .text.HAL_RCCEx_PeriphCLKConfig
                0x08001410      0x378 build/stm32g4xx_hal_rcc_ex.o
                0x08001410                HAL_RCCEx_PeriphCLKConfig
 .text.HAL_GPIO_Init
                0x08001788      0x1d4 build/stm32g4xx_hal_gpio.o
                0x08001788                HAL_GPIO_Init
 .text.HAL_GPIO_WritePin
                0x0800195c        0xa build/stm32g4xx_hal_gpio.o
                0x0800195c                HAL_GPIO_WritePin
 .text.HAL_EXTI_RegisterCallback
                0x08001966       0x10 build/stm32g4xx_hal_exti.o
                0x08001966                HAL_EXTI_RegisterCallback
 .text.HAL_EXTI_GetHandle
                0x08001976        0xc build/stm32g4xx_hal_exti.o
                0x08001976                HAL_EXTI_GetHandle
 *fill*         0x08001982        0x2 
 .text.HAL_EXTI_IRQHandler
                0x08001984       0x28 build/stm32g4xx_hal_exti.o
                0x08001984                HAL_EXTI_IRQHandler
 .text.HAL_PWREx_ControlVoltageScaling
                0x080019ac      0x10c build/stm32g4xx_hal_pwr_ex.o
                0x080019ac                HAL_PWREx_ControlVoltageScaling
 .text.HAL_PWREx_DisableUCPDDeadBattery
                0x08001ab8       0x10 build/stm32g4xx_hal_pwr_ex.o
                0x08001ab8                HAL_PWREx_DisableUCPDDeadBattery
 .text.__NVIC_EnableIRQ
                0x08001ac8       0x1c build/stm32g4xx_hal_cortex.o
 .text.__NVIC_SetPriority
                0x08001ae4       0x28 build/stm32g4xx_hal_cortex.o
 .text.NVIC_EncodePriority
                0x08001b0c       0x3e build/stm32g4xx_hal_cortex.o
 *fill*         0x08001b4a        0x2 
 .text.HAL_NVIC_SetPriorityGrouping
                0x08001b4c       0x24 build/stm32g4xx_hal_cortex.o
                0x08001b4c                HAL_NVIC_SetPriorityGrouping
 .text.HAL_NVIC_SetPriority
                0x08001b70       0x20 build/stm32g4xx_hal_cortex.o
                0x08001b70                HAL_NVIC_SetPriority
 .text.HAL_NVIC_EnableIRQ
                0x08001b90        0x8 build/stm32g4xx_hal_cortex.o
                0x08001b90                HAL_NVIC_EnableIRQ
 .text.HAL_SYSTICK_Config
                0x08001b98       0x28 build/stm32g4xx_hal_cortex.o
                0x08001b98                HAL_SYSTICK_Config
 .text.UART_EndRxTransfer
                0x08001bc0       0x56 build/stm32g4xx_hal_uart.o
 .text.HAL_UART_MspInit
                0x08001c16        0x2 build/stm32g4xx_hal_uart.o
                0x08001c16                HAL_UART_MspInit
 .text.UART_SetConfig
                0x08001c18      0x388 build/stm32g4xx_hal_uart.o
                0x08001c18                UART_SetConfig
 .text.UART_AdvFeatureConfig
                0x08001fa0       0xca build/stm32g4xx_hal_uart.o
                0x08001fa0                UART_AdvFeatureConfig
 .text.UART_WaitOnFlagUntilTimeout
                0x0800206a       0x9e build/stm32g4xx_hal_uart.o
                0x0800206a                UART_WaitOnFlagUntilTimeout
 .text.UART_CheckIdleState
                0x08002108       0xca build/stm32g4xx_hal_uart.o
                0x08002108                UART_CheckIdleState
 .text.HAL_UART_Init
                0x080021d2       0x66 build/stm32g4xx_hal_uart.o
                0x080021d2                HAL_UART_Init
 .text.SystemInit
                0x08002238       0x14 build/system_stm32g4xx.o
                0x08002238                SystemInit
 .text.I2C_Flush_TXDR
                0x0800224c       0x22 build/stm32g4xx_hal_i2c.o
 .text.I2C_TransferConfig
                0x0800226e       0x3c build/stm32g4xx_hal_i2c.o
 .text.I2C_IsErrorOccurred
                0x080022aa      0x114 build/stm32g4xx_hal_i2c.o
 .text.I2C_WaitOnTXISFlagUntilTimeout
                0x080023be       0x60 build/stm32g4xx_hal_i2c.o
 .text.I2C_WaitOnFlagUntilTimeout
                0x0800241e       0x7c build/stm32g4xx_hal_i2c.o
 .text.I2C_WaitOnSTOPFlagUntilTimeout
                0x0800249a       0x5e build/stm32g4xx_hal_i2c.o
 .text.I2C_WaitOnRXNEFlagUntilTimeout
                0x080024f8       0xaa build/stm32g4xx_hal_i2c.o
 .text.HAL_I2C_Init
                0x080025a2       0xc8 build/stm32g4xx_hal_i2c.o
                0x080025a2                HAL_I2C_Init
 *fill*         0x0800266a        0x2 
 .text.HAL_I2C_Master_Transmit
                0x0800266c      0x1a4 build/stm32g4xx_hal_i2c.o
                0x0800266c                HAL_I2C_Master_Transmit
 .text.HAL_I2C_Master_Receive
                0x08002810      0x17c build/stm32g4xx_hal_i2c.o
                0x08002810                HAL_I2C_Master_Receive
 .text.HAL_I2CEx_ConfigAnalogFilter
                0x0800298c       0x5c build/stm32g4xx_hal_i2c_ex.o
                0x0800298c                HAL_I2CEx_ConfigAnalogFilter
 .text.HAL_I2CEx_ConfigDigitalFilter
                0x080029e8       0x58 build/stm32g4xx_hal_i2c_ex.o
                0x080029e8                HAL_I2CEx_ConfigDigitalFilter
 .text.Reset_Handler
                0x08002a40       0x50 build/startup_stm32g474xx.o
                0x08002a40                Reset_Handler
 .text.Default_Handler
                0x08002a90        0x2 build/startup_stm32g474xx.o
                0x08002a90                RTC_Alarm_IRQHandler
                0x08002a90                EXTI2_IRQHandler
                0x08002a90                TIM8_TRG_COM_IRQHandler
                0x08002a90                TIM8_CC_IRQHandler
                0x08002a90                HRTIM1_Master_IRQHandler
                0x08002a90                SPI4_IRQHandler
                0x08002a90                FDCAN3_IT0_IRQHandler
                0x08002a90                TIM1_CC_IRQHandler
                0x08002a90                HRTIM1_FLT_IRQHandler
                0x08002a90                HRTIM1_TIMF_IRQHandler
                0x08002a90                USB_HP_IRQHandler
                0x08002a90                CORDIC_IRQHandler
                0x08002a90                HRTIM1_TIMD_IRQHandler
                0x08002a90                DMA2_Channel8_IRQHandler
                0x08002a90                EXTI3_IRQHandler
                0x08002a90                I2C3_ER_IRQHandler
                0x08002a90                EXTI0_IRQHandler
                0x08002a90                I2C2_EV_IRQHandler
                0x08002a90                FPU_IRQHandler
                0x08002a90                FDCAN1_IT1_IRQHandler
                0x08002a90                TIM1_UP_TIM16_IRQHandler
                0x08002a90                ADC1_2_IRQHandler
                0x08002a90                HRTIM1_TIME_IRQHandler
                0x08002a90                SPI1_IRQHandler
                0x08002a90                TIM6_DAC_IRQHandler
                0x08002a90                HRTIM1_TIMC_IRQHandler
                0x08002a90                TIM8_UP_IRQHandler
                0x08002a90                DMA2_Channel2_IRQHandler
                0x08002a90                DMA1_Channel4_IRQHandler
                0x08002a90                TIM20_TRG_COM_IRQHandler
                0x08002a90                USART3_IRQHandler
                0x08002a90                DMA1_Channel7_IRQHandler
                0x08002a90                UART5_IRQHandler
                0x08002a90                ADC3_IRQHandler
                0x08002a90                TIM4_IRQHandler
                0x08002a90                DMA2_Channel1_IRQHandler
                0x08002a90                QUADSPI_IRQHandler
                0x08002a90                I2C1_EV_IRQHandler
                0x08002a90                DMA1_Channel6_IRQHandler
                0x08002a90                UART4_IRQHandler
                0x08002a90                DMA2_Channel4_IRQHandler
                0x08002a90                TIM3_IRQHandler
                0x08002a90                RCC_IRQHandler
                0x08002a90                TIM20_UP_IRQHandler
                0x08002a90                DMA1_Channel1_IRQHandler
                0x08002a90                Default_Handler
                0x08002a90                DMA2_Channel7_IRQHandler
                0x08002a90                RTC_TAMP_LSECSS_IRQHandler
                0x08002a90                FMAC_IRQHandler
                0x08002a90                DMA1_Channel8_IRQHandler
                0x08002a90                HRTIM1_TIMA_IRQHandler
                0x08002a90                TIM7_DAC_IRQHandler
                0x08002a90                FDCAN3_IT1_IRQHandler
                0x08002a90                TIM5_IRQHandler
                0x08002a90                UCPD1_IRQHandler
                0x08002a90                I2C3_EV_IRQHandler
                0x08002a90                EXTI9_5_IRQHandler
                0x08002a90                RTC_WKUP_IRQHandler
                0x08002a90                PVD_PVM_IRQHandler
                0x08002a90                SPI2_IRQHandler
                0x08002a90                ADC5_IRQHandler
                0x08002a90                DMA2_Channel5_IRQHandler
                0x08002a90                CRS_IRQHandler
                0x08002a90                DMA1_Channel5_IRQHandler
                0x08002a90                USB_LP_IRQHandler
                0x08002a90                EXTI4_IRQHandler
                0x08002a90                RNG_IRQHandler
                0x08002a90                HRTIM1_TIMB_IRQHandler
                0x08002a90                TIM1_TRG_COM_TIM17_IRQHandler
                0x08002a90                FDCAN2_IT1_IRQHandler
                0x08002a90                DMA1_Channel3_IRQHandler
                0x08002a90                ADC4_IRQHandler
                0x08002a90                WWDG_IRQHandler
                0x08002a90                I2C4_EV_IRQHandler
                0x08002a90                FDCAN2_IT0_IRQHandler
                0x08002a90                LPUART1_IRQHandler
                0x08002a90                DMA2_Channel6_IRQHandler
                0x08002a90                FDCAN1_IT0_IRQHandler
                0x08002a90                TIM2_IRQHandler
                0x08002a90                COMP7_IRQHandler
                0x08002a90                COMP1_2_3_IRQHandler
                0x08002a90                EXTI1_IRQHandler
                0x08002a90                USART2_IRQHandler
                0x08002a90                COMP4_5_6_IRQHandler
                0x08002a90                TIM20_BRK_IRQHandler
                0x08002a90                I2C2_ER_IRQHandler
                0x08002a90                DMA1_Channel2_IRQHandler
                0x08002a90                TIM8_BRK_IRQHandler
                0x08002a90                FLASH_IRQHandler
                0x08002a90                TIM20_CC_IRQHandler
                0x08002a90                USART1_IRQHandler
                0x08002a90                SPI3_IRQHandler
                0x08002a90                I2C1_ER_IRQHandler
                0x08002a90                FMC_IRQHandler
                0x08002a90                LPTIM1_IRQHandler
                0x08002a90                DMAMUX_OVR_IRQHandler
                0x08002a90                I2C4_ER_IRQHandler
                0x08002a90                USBWakeUp_IRQHandler
                0x08002a90                SAI1_IRQHandler
                0x08002a90                DMA2_Channel3_IRQHandler
                0x08002a90                TIM1_BRK_TIM15_IRQHandler
 *(.glue_7)
 .glue_7        0x08002a92        0x0 linker stubs
 *(.glue_7t)
 .glue_7t       0x08002a92        0x0 linker stubs
 *(.eh_frame)
 *fill*         0x08002a92        0x2 
 .eh_frame      0x08002a94        0x0 /usr/lib/gcc/arm-none-eabi/13.2.1/thumb/v7e-m+fp/hard/crtbegin.o
 *(.init)
 .init          0x08002a94        0x4 /usr/lib/gcc/arm-none-eabi/13.2.1/thumb/v7e-m+fp/hard/crti.o
                0x08002a94                _init
 .init          0x08002a98        0x8 /usr/lib/gcc/arm-none-eabi/13.2.1/thumb/v7e-m+fp/hard/crtn.o
 *(.fini)
 .fini          0x08002aa0        0x4 /usr/lib/gcc/arm-none-eabi/13.2.1/thumb/v7e-m+fp/hard/crti.o
                0x08002aa0                _fini
 .fini          0x08002aa4        0x8 /usr/lib/gcc/arm-none-eabi/13.2.1/thumb/v7e-m+fp/hard/crtn.o
                0x08002aac                        . = ALIGN (0x4)
                0x08002aac                        _etext = .

.vfp11_veneer   0x08002aac        0x0
 .vfp11_veneer  0x08002aac        0x0 linker stubs

.v4_bx          0x08002aac        0x0
 .v4_bx         0x08002aac        0x0 linker stubs

.iplt           0x08002aac        0x0
 .iplt          0x08002aac        0x0 /usr/lib/gcc/arm-none-eabi/13.2.1/thumb/v7e-m+fp/hard/crtbegin.o

.rodata         0x08002aac       0x30
                0x08002aac                        . = ALIGN (0x4)
 *(.rodata)
 *(.rodata*)
 .rodata.UARTPrescTable
                0x08002aac       0x18 build/stm32g4xx_hal_uart.o
                0x08002aac                UARTPrescTable
 .rodata.APBPrescTable
                0x08002ac4        0x8 build/system_stm32g4xx.o
                0x08002ac4                APBPrescTable
 .rodata.AHBPrescTable
                0x08002acc       0x10 build/system_stm32g4xx.o
                0x08002acc                AHBPrescTable
                0x08002adc                        . = ALIGN (0x4)

.ARM.extab      0x08002adc        0x0
                0x08002adc                        . = ALIGN (0x4)
 *(.ARM.extab* .gnu.linkonce.armextab.*)
                0x08002adc                        . = ALIGN (0x4)

.ARM            0x08002adc        0x8
                0x08002adc                        . = ALIGN (0x4)
                0x08002adc                        __exidx_start = .
 *(.ARM.exidx*)
 .ARM.exidx     0x08002adc        0x8 /usr/lib/gcc/arm-none-eabi/13.2.1/thumb/v7e-m+fp/hard/libgcc.a(_udivmoddi4.o)
                0x08002ae4                        __exidx_end = .
                0x08002ae4                        . = ALIGN (0x4)

.preinit_array  0x08002ae4        0x0
                0x08002ae4                        . = ALIGN (0x4)
                0x08002ae4                        PROVIDE (__preinit_array_start = .)
 *(.preinit_array*)
                0x08002ae4                        PROVIDE (__preinit_array_end = .)
                0x08002ae4                        . = ALIGN (0x4)

.init_array     0x08002ae4        0x4
                0x08002ae4                        . = ALIGN (0x4)
                0x08002ae4                        PROVIDE (__init_array_start = .)
 *(SORT_BY_NAME(.init_array.*))
 *(.init_array*)
 .init_array    0x08002ae4        0x4 /usr/lib/gcc/arm-none-eabi/13.2.1/thumb/v7e-m+fp/hard/crtbegin.o
                0x08002ae8                        PROVIDE (__init_array_end = .)
                0x08002ae8                        . = ALIGN (0x4)

.fini_array     0x08002ae8        0x4
                0x08002ae8                        . = ALIGN (0x4)
                0x08002ae8                        PROVIDE (__fini_array_start = .)
 *(SORT_BY_NAME(.fini_array.*))
 *(.fini_array*)
 .fini_array    0x08002ae8        0x4 /usr/lib/gcc/arm-none-eabi/13.2.1/thumb/v7e-m+fp/hard/crtbegin.o
                0x08002aec                        PROVIDE (__fini_array_end = .)
                0x08002aec                        . = ALIGN (0x4)
                0x08002aec                        _sidata = LOADADDR (.data)

.rel.dyn        0x08002aec        0x0
 .rel.iplt      0x08002aec        0x0 /usr/lib/gcc/arm-none-eabi/13.2.1/thumb/v7e-m+fp/hard/crtbegin.o

.data           0x20000000       0x10 load address 0x08002aec
                0x20000000                        . = ALIGN (0x4)
                0x20000000                        _sdata = .
 *(.data)
 *(.data*)
 .data.scd41_addr
                0x20000000        0x1 build/main.o
                0x20000000                scd41_addr
 *fill*         0x20000001        0x3 
 .data.uwTickFreq
                0x20000004        0x4 build/stm32g4xx_hal.o
                0x20000004                uwTickFreq
 .data.uwTickPrio
                0x20000008        0x4 build/stm32g4xx_hal.o
                0x20000008                uwTickPrio
 .data.SystemCoreClock
                0x2000000c        0x4 build/system_stm32g4xx.o
                0x2000000c                SystemCoreClock
 *(.RamFunc)
 *(.RamFunc*)
                0x20000010                        . = ALIGN (0x4)
                0x20000010                        _edata = .

.tm_clone_table
                0x20000010        0x0 load address 0x08002afc
 .tm_clone_table
                0x20000010        0x0 /usr/lib/gcc/arm-none-eabi/13.2.1/thumb/v7e-m+fp/hard/crtbegin.o
 .tm_clone_table
                0x20000010        0x0 /usr/lib/gcc/arm-none-eabi/13.2.1/thumb/v7e-m+fp/hard/crtend.o

.igot.plt       0x20000010        0x0 load address 0x08002afc
 .igot.plt      0x20000010        0x0 /usr/lib/gcc/arm-none-eabi/13.2.1/thumb/v7e-m+fp/hard/crtbegin.o
                0x20000010                        . = ALIGN (0x4)

.bss            0x20000010      0x124 load address 0x08002afc
                0x20000010                        _sbss = .
                0x20000010                        __bss_start__ = _sbss
 *(.bss)
 .bss           0x20000010       0x1c /usr/lib/gcc/arm-none-eabi/13.2.1/thumb/v7e-m+fp/hard/crtbegin.o
 *(.bss*)
 .bss.conditionMet
                0x2000002c        0x1 build/main.o
                0x2000002c                conditionMet
 *fill*         0x2000002d        0x3 
 .bss.hi2c1     0x20000030       0x54 build/main.o
                0x20000030                hi2c1
 .bss.BspCOMInit
                0x20000084       0x10 build/main.o
                0x20000084                BspCOMInit
 .bss.hcom_uart
                0x20000094       0x94 build/stm32g4xx_nucleo.o
                0x20000094                hcom_uart
 .bss.hpb_exti  0x20000128        0x8 build/stm32g4xx_nucleo.o
                0x20000128                hpb_exti
 .bss.uwTick    0x20000130        0x4 build/stm32g4xx_hal.o
                0x20000130                uwTick
 *(COMMON)
                0x20000134                        . = ALIGN (0x4)
                0x20000134                        _ebss = .
                0x20000134                        __bss_end__ = _ebss

._user_heap_stack
                0x20000134      0x604 load address 0x08002afc
                0x20000138                        . = ALIGN (0x8)
 *fill*         0x20000134        0x4 
                0x20000138                        PROVIDE (end = .)
                [!provide]                        PROVIDE (_end = .)
                0x20000338                        . = (. + _Min_Heap_Size)
 *fill*         0x20000138      0x200 
                0x20000738                        . = (. + _Min_Stack_Size)
 *fill*         0x20000338      0x400 
                0x20000738                        . = ALIGN (0x8)

/DISCARD/
 libc.a(*)
 libm.a(*)
 libgcc.a(*)
OUTPUT(build/stm32g474_scd41.elf elf32-littlearm)
LOAD linker stubs
LOAD /usr/lib/gcc/arm-none-eabi/13.2.1/../../../arm-none-eabi/lib/thumb/v7e-m+fp/hard/libc.a
LOAD /usr/lib/gcc/arm-none-eabi/13.2.1/../../../arm-none-eabi/lib/thumb/v7e-m+fp/hard/libm.a
LOAD /usr/lib/gcc/arm-none-eabi/13.2.1/thumb/v7e-m+fp/hard/libgcc.a

.ARM.attributes
                0x00000000       0x30
 .ARM.attributes
                0x00000000       0x22 /usr/lib/gcc/arm-none-eabi/13.2.1/thumb/v7e-m+fp/hard/crti.o
 .ARM.attributes
                0x00000022       0x34 /usr/lib/gcc/arm-none-eabi/13.2.1/thumb/v7e-m+fp/hard/crtbegin.o
 .ARM.attributes
                0x00000056       0x34 build/main.o
 .ARM.attributes
                0x0000008a       0x34 build/stm32g4xx_it.o
 .ARM.attributes
                0x000000be       0x34 build/stm32g4xx_hal_msp.o
 .ARM.attributes
                0x000000f2       0x34 build/stm32g4xx_nucleo.o
 .ARM.attributes
                0x00000126       0x34 build/stm32g4xx_hal.o
 .ARM.attributes
                0x0000015a       0x34 build/stm32g4xx_hal_rcc.o
 .ARM.attributes
                0x0000018e       0x34 build/stm32g4xx_hal_rcc_ex.o
 .ARM.attributes
                0x000001c2       0x34 build/stm32g4xx_hal_gpio.o
 .ARM.attributes
                0x000001f6       0x34 build/stm32g4xx_hal_exti.o
 .ARM.attributes
                0x0000022a       0x34 build/stm32g4xx_hal_pwr_ex.o
 .ARM.attributes
                0x0000025e       0x34 build/stm32g4xx_hal_cortex.o
 .ARM.attributes
                0x00000292       0x34 build/stm32g4xx_hal_uart.o
 .ARM.attributes
                0x000002c6       0x34 build/system_stm32g4xx.o
 .ARM.attributes
                0x000002fa       0x34 build/stm32g4xx_hal_i2c.o
 .ARM.attributes
                0x0000032e       0x34 build/stm32g4xx_hal_i2c_ex.o
 .ARM.attributes
                0x00000362       0x21 build/startup_stm32g474xx.o
 .ARM.attributes
                0x00000383       0x34 /usr/lib/gcc/arm-none-eabi/13.2.1/../../../arm-none-eabi/lib/thumb/v7e-m+fp/hard/libc_nano.a(libc_a-init.o)
 .ARM.attributes
                0x000003b7       0x34 /usr/lib/gcc/arm-none-eabi/13.2.1/../../../arm-none-eabi/lib/thumb/v7e-m+fp/hard/libc_nano.a(libc_a-memset.o)
 .ARM.attributes
                0x000003eb       0x22 /usr/lib/gcc/arm-none-eabi/13.2.1/thumb/v7e-m+fp/hard/libgcc.a(_aeabi_uldivmod.o)
 .ARM.attributes
                0x0000040d       0x34 /usr/lib/gcc/arm-none-eabi/13.2.1/thumb/v7e-m+fp/hard/libgcc.a(_udivmoddi4.o)
 .ARM.attributes
                0x00000441       0x22 /usr/lib/gcc/arm-none-eabi/13.2.1/thumb/v7e-m+fp/hard/libgcc.a(_dvmd_tls.o)
 .ARM.attributes
                0x00000463       0x34 /usr/lib/gcc/arm-none-eabi/13.2.1/thumb/v7e-m+fp/hard/crtend.o
 .ARM.attributes
                0x00000497       0x22 /usr/lib/gcc/arm-none-eabi/13.2.1/thumb/v7e-m+fp/hard/crtn.o

.comment        0x00000000       0x26
 .comment       0x00000000       0x26 /usr/lib/gcc/arm-none-eabi/13.2.1/thumb/v7e-m+fp/hard/crtbegin.o
                                 0x27 (size before relaxing)
 .comment       0x00000026       0x27 build/main.o
 .comment       0x00000026       0x27 build/stm32g4xx_it.o
 .comment       0x00000026       0x27 build/stm32g4xx_hal_msp.o
 .comment       0x00000026       0x27 build/stm32g4xx_nucleo.o
 .comment       0x00000026       0x27 build/stm32g4xx_hal.o
 .comment       0x00000026       0x27 build/stm32g4xx_hal_rcc.o
 .comment       0x00000026       0x27 build/stm32g4xx_hal_rcc_ex.o
 .comment       0x00000026       0x27 build/stm32g4xx_hal_gpio.o
 .comment       0x00000026       0x27 build/stm32g4xx_hal_exti.o
 .comment       0x00000026       0x27 build/stm32g4xx_hal_pwr_ex.o
 .comment       0x00000026       0x27 build/stm32g4xx_hal_cortex.o
 .comment       0x00000026       0x27 build/stm32g4xx_hal_uart.o
 .comment       0x00000026       0x27 build/system_stm32g4xx.o
 .comment       0x00000026       0x27 build/stm32g4xx_hal_i2c.o
 .comment       0x00000026       0x27 build/stm32g4xx_hal_i2c_ex.o
 .comment       0x00000026       0x27 /usr/lib/gcc/arm-none-eabi/13.2.1/../../../arm-none-eabi/lib/thumb/v7e-m+fp/hard/libc_nano.a(libc_a-init.o)
 .comment       0x00000026       0x27 /usr/lib/gcc/arm-none-eabi/13.2.1/../../../arm-none-eabi/lib/thumb/v7e-m+fp/hard/libc_nano.a(libc_a-memset.o)
 .comment       0x00000026       0x27 /usr/lib/gcc/arm-none-eabi/13.2.1/thumb/v7e-m+fp/hard/libgcc.a(_udivmoddi4.o)
 .comment       0x00000026       0x27 /usr/lib/gcc/arm-none-eabi/13.2.1/thumb/v7e-m+fp/hard/crtend.o

.debug_info     0x00000000    0x16b20
 .debug_info    0x00000000     0x1575 build/main.o
 .debug_info    0x00001575      0x1c7 build/stm32g4xx_it.o
 .debug_info    0x0000173c      0xf08 build/stm32g4xx_hal_msp.o
 .debug_info    0x00002644     0x1cd4 build/stm32g4xx_nucleo.o
 .debug_info    0x00004318      0xdbd build/stm32g4xx_hal.o
 .debug_info    0x000050d5     0x1053 build/stm32g4xx_hal_rcc.o
 .debug_info    0x00006128     0x10a1 build/stm32g4xx_hal_rcc_ex.o
 .debug_info    0x000071c9      0x915 build/stm32g4xx_hal_gpio.o
 .debug_info    0x00007ade      0x7d4 build/stm32g4xx_hal_exti.o
 .debug_info    0x000082b2      0xb05 build/stm32g4xx_hal_pwr_ex.o
 .debug_info    0x00008db7     0x1223 build/stm32g4xx_hal_cortex.o
 .debug_info    0x00009fda     0x66d9 build/stm32g4xx_hal_uart.o
 .debug_info    0x000106b3      0x631 build/system_stm32g4xx.o
 .debug_info    0x00010ce4     0x47f5 build/stm32g4xx_hal_i2c.o
 .debug_info    0x000154d9      0xc82 build/stm32g4xx_hal_i2c_ex.o
 .debug_info    0x0001615b       0x30 build/startup_stm32g474xx.o
 .debug_info    0x0001618b      0x10b /usr/lib/gcc/arm-none-eabi/13.2.1/../../../arm-none-eabi/lib/thumb/v7e-m+fp/hard/libc_nano.a(libc_a-init.o)
 .debug_info    0x00016296      0x135 /usr/lib/gcc/arm-none-eabi/13.2.1/../../../arm-none-eabi/lib/thumb/v7e-m+fp/hard/libc_nano.a(libc_a-memset.o)
 .debug_info    0x000163cb       0x24 /usr/lib/gcc/arm-none-eabi/13.2.1/thumb/v7e-m+fp/hard/libgcc.a(_aeabi_uldivmod.o)
 .debug_info    0x000163ef      0x6f5 /usr/lib/gcc/arm-none-eabi/13.2.1/thumb/v7e-m+fp/hard/libgcc.a(_udivmoddi4.o)
 .debug_info    0x00016ae4       0x3c /usr/lib/gcc/arm-none-eabi/13.2.1/thumb/v7e-m+fp/hard/libgcc.a(_dvmd_tls.o)

.debug_abbrev   0x00000000     0x2785
 .debug_abbrev  0x00000000      0x2ea build/main.o
 .debug_abbrev  0x000002ea       0xde build/stm32g4xx_it.o
 .debug_abbrev  0x000003c8      0x1fc build/stm32g4xx_hal_msp.o
 .debug_abbrev  0x000005c4      0x34a build/stm32g4xx_nucleo.o
 .debug_abbrev  0x0000090e      0x298 build/stm32g4xx_hal.o
 .debug_abbrev  0x00000ba6      0x2de build/stm32g4xx_hal_rcc.o
 .debug_abbrev  0x00000e84      0x290 build/stm32g4xx_hal_rcc_ex.o
 .debug_abbrev  0x00001114      0x222 build/stm32g4xx_hal_gpio.o
 .debug_abbrev  0x00001336      0x1d1 build/stm32g4xx_hal_exti.o
 .debug_abbrev  0x00001507      0x263 build/stm32g4xx_hal_pwr_ex.o
 .debug_abbrev  0x0000176a      0x3ca build/stm32g4xx_hal_cortex.o
 .debug_abbrev  0x00001b34      0x35c build/stm32g4xx_hal_uart.o
 .debug_abbrev  0x00001e90      0x11b build/system_stm32g4xx.o
 .debug_abbrev  0x00001fab      0x2e4 build/stm32g4xx_hal_i2c.o
 .debug_abbrev  0x0000228f      0x1b5 build/stm32g4xx_hal_i2c_ex.o
 .debug_abbrev  0x00002444       0x1d build/startup_stm32g474xx.o
 .debug_abbrev  0x00002461       0xc9 /usr/lib/gcc/arm-none-eabi/13.2.1/../../../arm-none-eabi/lib/thumb/v7e-m+fp/hard/libc_nano.a(libc_a-init.o)
 .debug_abbrev  0x0000252a       0xb7 /usr/lib/gcc/arm-none-eabi/13.2.1/../../../arm-none-eabi/lib/thumb/v7e-m+fp/hard/libc_nano.a(libc_a-memset.o)
 .debug_abbrev  0x000025e1       0x14 /usr/lib/gcc/arm-none-eabi/13.2.1/thumb/v7e-m+fp/hard/libgcc.a(_aeabi_uldivmod.o)
 .debug_abbrev  0x000025f5      0x16a /usr/lib/gcc/arm-none-eabi/13.2.1/thumb/v7e-m+fp/hard/libgcc.a(_udivmoddi4.o)
 .debug_abbrev  0x0000275f       0x26 /usr/lib/gcc/arm-none-eabi/13.2.1/thumb/v7e-m+fp/hard/libgcc.a(_dvmd_tls.o)

.debug_loc      0x00000000    0x11ea9
 .debug_loc     0x00000000      0x13a build/main.o
 .debug_loc     0x0000013a       0x40 build/stm32g4xx_it.o
 .debug_loc     0x0000017a      0x131 build/stm32g4xx_hal_msp.o
 .debug_loc     0x000002ab      0x71b build/stm32g4xx_nucleo.o
 .debug_loc     0x000009c6      0x2cd build/stm32g4xx_hal.o
 .debug_loc     0x00000c93      0x9db build/stm32g4xx_hal_rcc.o
 .debug_loc     0x0000166e     0x1896 build/stm32g4xx_hal_rcc_ex.o
 .debug_loc     0x00002f04      0x499 build/stm32g4xx_hal_gpio.o
 .debug_loc     0x0000339d      0xbcd build/stm32g4xx_hal_exti.o
 .debug_loc     0x00003f6a      0xa27 build/stm32g4xx_hal_pwr_ex.o
 .debug_loc     0x00004991      0x8f1 build/stm32g4xx_hal_cortex.o
 .debug_loc     0x00005282     0x645d build/stm32g4xx_hal_uart.o
 .debug_loc     0x0000b6df       0x9d build/system_stm32g4xx.o
 .debug_loc     0x0000b77c     0x64ea build/stm32g4xx_hal_i2c.o
 .debug_loc     0x00011c66      0x243 build/stm32g4xx_hal_i2c_ex.o

.debug_aranges  0x00000000      0xd48
 .debug_aranges
                0x00000000       0x50 build/main.o
 .debug_aranges
                0x00000050       0x68 build/stm32g4xx_it.o
 .debug_aranges
                0x000000b8       0x30 build/stm32g4xx_hal_msp.o
 .debug_aranges
                0x000000e8       0xc8 build/stm32g4xx_nucleo.o
 .debug_aranges
                0x000001b0      0x148 build/stm32g4xx_hal.o
 .debug_aranges
                0x000002f8       0x98 build/stm32g4xx_hal_rcc.o
 .debug_aranges
                0x00000390       0xb0 build/stm32g4xx_hal_rcc_ex.o
 .debug_aranges
                0x00000440       0x58 build/stm32g4xx_hal_gpio.o
 .debug_aranges
                0x00000498       0x60 build/stm32g4xx_hal_exti.o
 .debug_aranges
                0x000004f8      0x140 build/stm32g4xx_hal_pwr_ex.o
 .debug_aranges
                0x00000638       0xf0 build/stm32g4xx_hal_cortex.o
 .debug_aranges
                0x00000728      0x248 build/stm32g4xx_hal_uart.o
 .debug_aranges
                0x00000970       0x28 build/system_stm32g4xx.o
 .debug_aranges
                0x00000998      0x2a0 build/stm32g4xx_hal_i2c.o
 .debug_aranges
                0x00000c38       0x48 build/stm32g4xx_hal_i2c_ex.o
 .debug_aranges
                0x00000c80       0x28 build/startup_stm32g474xx.o
 .debug_aranges
                0x00000ca8       0x20 /usr/lib/gcc/arm-none-eabi/13.2.1/../../../arm-none-eabi/lib/thumb/v7e-m+fp/hard/libc_nano.a(libc_a-init.o)
 .debug_aranges
                0x00000cc8       0x20 /usr/lib/gcc/arm-none-eabi/13.2.1/../../../arm-none-eabi/lib/thumb/v7e-m+fp/hard/libc_nano.a(libc_a-memset.o)
 .debug_aranges
                0x00000ce8       0x20 /usr/lib/gcc/arm-none-eabi/13.2.1/thumb/v7e-m+fp/hard/libgcc.a(_aeabi_uldivmod.o)
 .debug_aranges
                0x00000d08       0x20 /usr/lib/gcc/arm-none-eabi/13.2.1/thumb/v7e-m+fp/hard/libgcc.a(_udivmoddi4.o)
 .debug_aranges
                0x00000d28       0x20 /usr/lib/gcc/arm-none-eabi/13.2.1/thumb/v7e-m+fp/hard/libgcc.a(_dvmd_tls.o)

.debug_ranges   0x00000000      0xbe0
 .debug_ranges  0x00000000       0x40 build/main.o
 .debug_ranges  0x00000040       0x58 build/stm32g4xx_it.o
 .debug_ranges  0x00000098       0x20 build/stm32g4xx_hal_msp.o
 .debug_ranges  0x000000b8       0xb8 build/stm32g4xx_nucleo.o
 .debug_ranges  0x00000170      0x138 build/stm32g4xx_hal.o
 .debug_ranges  0x000002a8       0xa0 build/stm32g4xx_hal_rcc.o
 .debug_ranges  0x00000348       0xb8 build/stm32g4xx_hal_rcc_ex.o
 .debug_ranges  0x00000400       0x48 build/stm32g4xx_hal_gpio.o
 .debug_ranges  0x00000448       0x50 build/stm32g4xx_hal_exti.o
 .debug_ranges  0x00000498      0x130 build/stm32g4xx_hal_pwr_ex.o
 .debug_ranges  0x000005c8       0xe0 build/stm32g4xx_hal_cortex.o
 .debug_ranges  0x000006a8      0x238 build/stm32g4xx_hal_uart.o
 .debug_ranges  0x000008e0       0x18 build/system_stm32g4xx.o
 .debug_ranges  0x000008f8      0x290 build/stm32g4xx_hal_i2c.o
 .debug_ranges  0x00000b88       0x38 build/stm32g4xx_hal_i2c_ex.o
 .debug_ranges  0x00000bc0       0x20 build/startup_stm32g474xx.o

.debug_line     0x00000000     0xfc4c
 .debug_line    0x00000000      0x498 build/main.o
 .debug_line    0x00000498      0x189 build/stm32g4xx_it.o
 .debug_line    0x00000621      0x269 build/stm32g4xx_hal_msp.o
 .debug_line    0x0000088a      0x5be build/stm32g4xx_nucleo.o
 .debug_line    0x00000e48      0x64c build/stm32g4xx_hal.o
 .debug_line    0x00001494      0xe0c build/stm32g4xx_hal_rcc.o
 .debug_line    0x000022a0     0x119c build/stm32g4xx_hal_rcc_ex.o
 .debug_line    0x0000343c      0x627 build/stm32g4xx_hal_gpio.o
 .debug_line    0x00003a63      0x6b0 build/stm32g4xx_hal_exti.o
 .debug_line    0x00004113      0x9b8 build/stm32g4xx_hal_pwr_ex.o
 .debug_line    0x00004acb      0x77a build/stm32g4xx_hal_cortex.o
 .debug_line    0x00005245     0x4e1d build/stm32g4xx_hal_uart.o
 .debug_line    0x0000a062      0x1bb build/system_stm32g4xx.o
 .debug_line    0x0000a21d     0x4d93 build/stm32g4xx_hal_i2c.o
 .debug_line    0x0000efb0      0x348 build/stm32g4xx_hal_i2c_ex.o
 .debug_line    0x0000f2f8       0x74 build/startup_stm32g474xx.o
 .debug_line    0x0000f36c      0x11e /usr/lib/gcc/arm-none-eabi/13.2.1/../../../arm-none-eabi/lib/thumb/v7e-m+fp/hard/libc_nano.a(libc_a-init.o)
 .debug_line    0x0000f48a      0x1b6 /usr/lib/gcc/arm-none-eabi/13.2.1/../../../arm-none-eabi/lib/thumb/v7e-m+fp/hard/libc_nano.a(libc_a-memset.o)
 .debug_line    0x0000f640       0x4e /usr/lib/gcc/arm-none-eabi/13.2.1/thumb/v7e-m+fp/hard/libgcc.a(_aeabi_uldivmod.o)
 .debug_line    0x0000f68e      0x574 /usr/lib/gcc/arm-none-eabi/13.2.1/thumb/v7e-m+fp/hard/libgcc.a(_udivmoddi4.o)
 .debug_line    0x0000fc02       0x4a /usr/lib/gcc/arm-none-eabi/13.2.1/thumb/v7e-m+fp/hard/libgcc.a(_dvmd_tls.o)

.debug_str      0x00000000     0x4cb7
 .debug_str     0x00000000     0x4cb7 build/main.o
                                0xdf8 (size before relaxing)
 .debug_str     0x00004cb7      0x264 build/stm32g4xx_it.o
 .debug_str     0x00004cb7      0xb6e build/stm32g4xx_hal_msp.o
 .debug_str     0x00004cb7     0x1483 build/stm32g4xx_nucleo.o
 .debug_str     0x00004cb7      0xe1e build/stm32g4xx_hal.o
 .debug_str     0x00004cb7      0x82a build/stm32g4xx_hal_rcc.o
 .debug_str     0x00004cb7      0xa39 build/stm32g4xx_hal_rcc_ex.o
 .debug_str     0x00004cb7      0x514 build/stm32g4xx_hal_gpio.o
 .debug_str     0x00004cb7      0x410 build/stm32g4xx_hal_exti.o
 .debug_str     0x00004cb7      0x7b7 build/stm32g4xx_hal_pwr_ex.o
 .debug_str     0x00004cb7      0xd60 build/stm32g4xx_hal_cortex.o
 .debug_str     0x00004cb7     0x11e9 build/stm32g4xx_hal_uart.o
 .debug_str     0x00004cb7      0x39c build/system_stm32g4xx.o
 .debug_str     0x00004cb7     0x109a build/stm32g4xx_hal_i2c.o
 .debug_str     0x00004cb7      0x9b0 build/stm32g4xx_hal_i2c_ex.o
 .debug_str     0x00004cb7       0x66 build/startup_stm32g474xx.o
 .debug_str     0x00004cb7      0x1fa /usr/lib/gcc/arm-none-eabi/13.2.1/../../../arm-none-eabi/lib/thumb/v7e-m+fp/hard/libc_nano.a(libc_a-init.o)
 .debug_str     0x00004cb7      0x1ad /usr/lib/gcc/arm-none-eabi/13.2.1/../../../arm-none-eabi/lib/thumb/v7e-m+fp/hard/libc_nano.a(libc_a-memset.o)
 .debug_str     0x00004cb7       0xa3 /usr/lib/gcc/arm-none-eabi/13.2.1/thumb/v7e-m+fp/hard/libgcc.a(_aeabi_uldivmod.o)
 .debug_str     0x00004cb7      0x685 /usr/lib/gcc/arm-none-eabi/13.2.1/thumb/v7e-m+fp/hard/libgcc.a(_udivmoddi4.o)
 .debug_str     0x00004cb7       0xc3 /usr/lib/gcc/arm-none-eabi/13.2.1/thumb/v7e-m+fp/hard/libgcc.a(_dvmd_tls.o)

.debug_frame    0x00000000     0x2198
 .debug_frame   0x00000000       0xd0 build/main.o
 .debug_frame   0x000000d0       0xc0 build/stm32g4xx_it.o
 .debug_frame   0x00000190       0x64 build/stm32g4xx_hal_msp.o
 .debug_frame   0x000001f4      0x240 build/stm32g4xx_nucleo.o
 .debug_frame   0x00000434      0x2a4 build/stm32g4xx_hal.o
 .debug_frame   0x000006d8      0x198 build/stm32g4xx_hal_rcc.o
 .debug_frame   0x00000870      0x1a0 build/stm32g4xx_hal_rcc_ex.o
 .debug_frame   0x00000a10       0xd0 build/stm32g4xx_hal_gpio.o
 .debug_frame   0x00000ae0       0xf4 build/stm32g4xx_hal_exti.o
 .debug_frame   0x00000bd4      0x268 build/stm32g4xx_hal_pwr_ex.o
 .debug_frame   0x00000e3c      0x204 build/stm32g4xx_hal_cortex.o
 .debug_frame   0x00001040      0x67c build/stm32g4xx_hal_uart.o
 .debug_frame   0x000016bc       0x30 build/system_stm32g4xx.o
 .debug_frame   0x000016ec      0x974 build/stm32g4xx_hal_i2c.o
 .debug_frame   0x00002060       0x80 build/stm32g4xx_hal_i2c_ex.o
 .debug_frame   0x000020e0       0x2c /usr/lib/gcc/arm-none-eabi/13.2.1/../../../arm-none-eabi/lib/thumb/v7e-m+fp/hard/libc_nano.a(libc_a-init.o)
 .debug_frame   0x0000210c       0x2c /usr/lib/gcc/arm-none-eabi/13.2.1/../../../arm-none-eabi/lib/thumb/v7e-m+fp/hard/libc_nano.a(libc_a-memset.o)
 .debug_frame   0x00002138       0x2c /usr/lib/gcc/arm-none-eabi/13.2.1/thumb/v7e-m+fp/hard/libgcc.a(_aeabi_uldivmod.o)
 .debug_frame   0x00002164       0x34 /usr/lib/gcc/arm-none-eabi/13.2.1/thumb/v7e-m+fp/hard/libgcc.a(_udivmoddi4.o)

.debug_loclists
                0x00000000      0xc0b
 .debug_loclists
                0x00000000       0x65 /usr/lib/gcc/arm-none-eabi/13.2.1/../../../arm-none-eabi/lib/thumb/v7e-m+fp/hard/libc_nano.a(libc_a-init.o)
 .debug_loclists
                0x00000065      0x1c2 /usr/lib/gcc/arm-none-eabi/13.2.1/../../../arm-none-eabi/lib/thumb/v7e-m+fp/hard/libc_nano.a(libc_a-memset.o)
 .debug_loclists
                0x00000227      0x9e4 /usr/lib/gcc/arm-none-eabi/13.2.1/thumb/v7e-m+fp/hard/libgcc.a(_udivmoddi4.o)

.debug_line_str
                0x00000000       0xa3
 .debug_line_str
                0x00000000       0xa3 /usr/lib/gcc/arm-none-eabi/13.2.1/thumb/v7e-m+fp/hard/libgcc.a(_aeabi_uldivmod.o)
                                 0x97 (size before relaxing)
 .debug_line_str
                0x000000a3       0x9b /usr/lib/gcc/arm-none-eabi/13.2.1/thumb/v7e-m+fp/hard/libgcc.a(_dvmd_tls.o)

.debug_rnglists
                0x00000000       0x84
 .debug_rnglists
                0x00000000       0x84 /usr/lib/gcc/arm-none-eabi/13.2.1/thumb/v7e-m+fp/hard/libgcc.a(_udivmoddi4.o)

Cross Reference Table

Symbol                                            File
ADC1_2_IRQHandler                                 build/startup_stm32g474xx.o
ADC3_IRQHandler                                   build/startup_stm32g474xx.o
ADC4_IRQHandler                                   build/startup_stm32g474xx.o
ADC5_IRQHandler                                   build/startup_stm32g474xx.o
AHBPrescTable                                     build/system_stm32g4xx.o
                                                  build/stm32g4xx_hal_rcc.o
APBPrescTable                                     build/system_stm32g4xx.o
                                                  build/stm32g4xx_hal_rcc.o
BSP_COM_DeInit                                    build/stm32g4xx_nucleo.o
BSP_COM_Init                                      build/stm32g4xx_nucleo.o
                                                  build/main.o
BSP_COM_SelectLogPort                             build/stm32g4xx_nucleo.o
BSP_GetBoardID                                    build/stm32g4xx_nucleo.o
BSP_GetBoardName                                  build/stm32g4xx_nucleo.o
BSP_GetVersion                                    build/stm32g4xx_nucleo.o
BSP_LED_DeInit                                    build/stm32g4xx_nucleo.o
BSP_LED_GetState                                  build/stm32g4xx_nucleo.o
BSP_LED_Init                                      build/stm32g4xx_nucleo.o
                                                  build/main.o
BSP_LED_Off                                       build/stm32g4xx_nucleo.o
BSP_LED_On                                        build/stm32g4xx_nucleo.o
                                                  build/main.o
BSP_LED_Toggle                                    build/stm32g4xx_nucleo.o
BSP_PB_Callback                                   build/stm32g4xx_nucleo.o
BSP_PB_DeInit                                     build/stm32g4xx_nucleo.o
BSP_PB_GetState                                   build/stm32g4xx_nucleo.o
BSP_PB_IRQHandler                                 build/stm32g4xx_nucleo.o
                                                  build/stm32g4xx_it.o
BSP_PB_Init                                       build/stm32g4xx_nucleo.o
                                                  build/main.o
BspCOMInit                                        build/main.o
BusFault_Handler                                  build/stm32g4xx_it.o
COMP1_2_3_IRQHandler                              build/startup_stm32g474xx.o
COMP4_5_6_IRQHandler                              build/startup_stm32g474xx.o
COMP7_IRQHandler                                  build/startup_stm32g474xx.o
CORDIC_IRQHandler                                 build/startup_stm32g474xx.o
CRS_IRQHandler                                    build/startup_stm32g474xx.o
DMA1_Channel1_IRQHandler                          build/startup_stm32g474xx.o
DMA1_Channel2_IRQHandler                          build/startup_stm32g474xx.o
DMA1_Channel3_IRQHandler                          build/startup_stm32g474xx.o
DMA1_Channel4_IRQHandler                          build/startup_stm32g474xx.o
DMA1_Channel5_IRQHandler                          build/startup_stm32g474xx.o
DMA1_Channel6_IRQHandler                          build/startup_stm32g474xx.o
DMA1_Channel7_IRQHandler                          build/startup_stm32g474xx.o
DMA1_Channel8_IRQHandler                          build/startup_stm32g474xx.o
DMA2_Channel1_IRQHandler                          build/startup_stm32g474xx.o
DMA2_Channel2_IRQHandler                          build/startup_stm32g474xx.o
DMA2_Channel3_IRQHandler                          build/startup_stm32g474xx.o
DMA2_Channel4_IRQHandler                          build/startup_stm32g474xx.o
DMA2_Channel5_IRQHandler                          build/startup_stm32g474xx.o
DMA2_Channel6_IRQHandler                          build/startup_stm32g474xx.o
DMA2_Channel7_IRQHandler                          build/startup_stm32g474xx.o
DMA2_Channel8_IRQHandler                          build/startup_stm32g474xx.o
DMAMUX_OVR_IRQHandler                             build/startup_stm32g474xx.o
DebugMon_Handler                                  build/stm32g4xx_it.o
Default_Handler                                   build/startup_stm32g474xx.o
EXTI0_IRQHandler                                  build/startup_stm32g474xx.o
EXTI15_10_IRQHandler                              build/stm32g4xx_it.o
EXTI1_IRQHandler                                  build/startup_stm32g474xx.o
EXTI2_IRQHandler                                  build/startup_stm32g474xx.o
EXTI3_IRQHandler                                  build/startup_stm32g474xx.o
EXTI4_IRQHandler                                  build/startup_stm32g474xx.o
EXTI9_5_IRQHandler                                build/startup_stm32g474xx.o
Error_Handler                                     build/main.o
                                                  build/stm32g4xx_hal_msp.o
FDCAN1_IT0_IRQHandler                             build/startup_stm32g474xx.o
FDCAN1_IT1_IRQHandler                             build/startup_stm32g474xx.o
FDCAN2_IT0_IRQHandler                             build/startup_stm32g474xx.o
FDCAN2_IT1_IRQHandler                             build/startup_stm32g474xx.o
FDCAN3_IT0_IRQHandler                             build/startup_stm32g474xx.o
FDCAN3_IT1_IRQHandler                             build/startup_stm32g474xx.o
FLASH_FlushCaches                                 build/stm32g4xx_hal_flash_ex.o
                                                  build/stm32g4xx_hal_flash.o
FLASH_IRQHandler                                  build/startup_stm32g474xx.o
FLASH_PageErase                                   build/stm32g4xx_hal_flash_ex.o
                                                  build/stm32g4xx_hal_flash.o
FLASH_WaitForLastOperation                        build/stm32g4xx_hal_flash.o
                                                  build/stm32g4xx_hal_flash_ex.o
FMAC_IRQHandler                                   build/startup_stm32g474xx.o
FMC_IRQHandler                                    build/startup_stm32g474xx.o
FPU_IRQHandler                                    build/startup_stm32g474xx.o
HAL_DBGMCU_DisableDBGSleepMode                    build/stm32g4xx_hal.o
HAL_DBGMCU_DisableDBGStandbyMode                  build/stm32g4xx_hal.o
HAL_DBGMCU_DisableDBGStopMode                     build/stm32g4xx_hal.o
HAL_DBGMCU_EnableDBGSleepMode                     build/stm32g4xx_hal.o
HAL_DBGMCU_EnableDBGStandbyMode                   build/stm32g4xx_hal.o
HAL_DBGMCU_EnableDBGStopMode                      build/stm32g4xx_hal.o
HAL_DMAEx_ConfigMuxRequestGenerator               build/stm32g4xx_hal_dma_ex.o
HAL_DMAEx_ConfigMuxSync                           build/stm32g4xx_hal_dma_ex.o
HAL_DMAEx_DisableMuxRequestGenerator              build/stm32g4xx_hal_dma_ex.o
HAL_DMAEx_EnableMuxRequestGenerator               build/stm32g4xx_hal_dma_ex.o
HAL_DMAEx_MUX_IRQHandler                          build/stm32g4xx_hal_dma_ex.o
HAL_DMA_Abort                                     build/stm32g4xx_hal_dma.o
                                                  build/stm32g4xx_hal_uart.o
HAL_DMA_Abort_IT                                  build/stm32g4xx_hal_dma.o
                                                  build/stm32g4xx_hal_i2c.o
                                                  build/stm32g4xx_hal_uart.o
HAL_DMA_DeInit                                    build/stm32g4xx_hal_dma.o
HAL_DMA_GetError                                  build/stm32g4xx_hal_dma.o
                                                  build/stm32g4xx_hal_uart.o
HAL_DMA_GetState                                  build/stm32g4xx_hal_dma.o
                                                  build/stm32g4xx_hal_i2c.o
HAL_DMA_IRQHandler                                build/stm32g4xx_hal_dma.o
HAL_DMA_Init                                      build/stm32g4xx_hal_dma.o
HAL_DMA_PollForTransfer                           build/stm32g4xx_hal_dma.o
HAL_DMA_RegisterCallback                          build/stm32g4xx_hal_dma.o
HAL_DMA_Start                                     build/stm32g4xx_hal_dma.o
HAL_DMA_Start_IT                                  build/stm32g4xx_hal_dma.o
                                                  build/stm32g4xx_hal_i2c.o
                                                  build/stm32g4xx_hal_uart.o
HAL_DMA_UnRegisterCallback                        build/stm32g4xx_hal_dma.o
HAL_DeInit                                        build/stm32g4xx_hal.o
HAL_Delay                                         build/stm32g4xx_hal.o
                                                  build/main.o
HAL_EXTI_ClearConfigLine                          build/stm32g4xx_hal_exti.o
HAL_EXTI_ClearPending                             build/stm32g4xx_hal_exti.o
HAL_EXTI_GenerateSWI                              build/stm32g4xx_hal_exti.o
HAL_EXTI_GetConfigLine                            build/stm32g4xx_hal_exti.o
HAL_EXTI_GetHandle                                build/stm32g4xx_hal_exti.o
                                                  build/stm32g4xx_nucleo.o
HAL_EXTI_GetPending                               build/stm32g4xx_hal_exti.o
HAL_EXTI_IRQHandler                               build/stm32g4xx_hal_exti.o
                                                  build/stm32g4xx_nucleo.o
HAL_EXTI_RegisterCallback                         build/stm32g4xx_hal_exti.o
                                                  build/stm32g4xx_nucleo.o
HAL_EXTI_SetConfigLine                            build/stm32g4xx_hal_exti.o
HAL_FLASHEx_DisableDebugger                       build/stm32g4xx_hal_flash_ex.o
HAL_FLASHEx_DisableRunPowerDown                   build/stm32g4xx_hal_flash_ramfunc.o
HAL_FLASHEx_EnableDebugger                        build/stm32g4xx_hal_flash_ex.o
HAL_FLASHEx_EnableRunPowerDown                    build/stm32g4xx_hal_flash_ramfunc.o
HAL_FLASHEx_EnableSecMemProtection                build/stm32g4xx_hal_flash_ex.o
HAL_FLASHEx_Erase                                 build/stm32g4xx_hal_flash_ex.o
HAL_FLASHEx_Erase_IT                              build/stm32g4xx_hal_flash_ex.o
HAL_FLASHEx_OBGetConfig                           build/stm32g4xx_hal_flash_ex.o
HAL_FLASHEx_OBProgram                             build/stm32g4xx_hal_flash_ex.o
HAL_FLASHEx_OB_DBankConfig                        build/stm32g4xx_hal_flash_ramfunc.o
HAL_FLASH_EndOfOperationCallback                  build/stm32g4xx_hal_flash.o
HAL_FLASH_GetError                                build/stm32g4xx_hal_flash.o
HAL_FLASH_IRQHandler                              build/stm32g4xx_hal_flash.o
HAL_FLASH_Lock                                    build/stm32g4xx_hal_flash.o
HAL_FLASH_OB_Launch                               build/stm32g4xx_hal_flash.o
HAL_FLASH_OB_Lock                                 build/stm32g4xx_hal_flash.o
HAL_FLASH_OB_Unlock                               build/stm32g4xx_hal_flash.o
HAL_FLASH_OperationErrorCallback                  build/stm32g4xx_hal_flash.o
HAL_FLASH_Program                                 build/stm32g4xx_hal_flash.o
HAL_FLASH_Program_IT                              build/stm32g4xx_hal_flash.o
HAL_FLASH_Unlock                                  build/stm32g4xx_hal_flash.o
HAL_GPIO_DeInit                                   build/stm32g4xx_hal_gpio.o
                                                  build/stm32g4xx_nucleo.o
                                                  build/stm32g4xx_hal_msp.o
HAL_GPIO_EXTI_Callback                            build/stm32g4xx_hal_gpio.o
HAL_GPIO_EXTI_IRQHandler                          build/stm32g4xx_hal_gpio.o
HAL_GPIO_Init                                     build/stm32g4xx_hal_gpio.o
                                                  build/stm32g4xx_hal_rcc_ex.o
                                                  build/stm32g4xx_hal_rcc.o
                                                  build/stm32g4xx_nucleo.o
                                                  build/stm32g4xx_hal_msp.o
                                                  build/main.o
HAL_GPIO_LockPin                                  build/stm32g4xx_hal_gpio.o
HAL_GPIO_ReadPin                                  build/stm32g4xx_hal_gpio.o
                                                  build/stm32g4xx_nucleo.o
HAL_GPIO_TogglePin                                build/stm32g4xx_hal_gpio.o
                                                  build/stm32g4xx_nucleo.o
HAL_GPIO_WritePin                                 build/stm32g4xx_hal_gpio.o
                                                  build/stm32g4xx_nucleo.o
                                                  build/main.o
HAL_GetDEVID                                      build/stm32g4xx_hal.o
HAL_GetHalVersion                                 build/stm32g4xx_hal.o
HAL_GetREVID                                      build/stm32g4xx_hal.o
HAL_GetTick                                       build/stm32g4xx_hal.o
                                                  build/stm32g4xx_hal_i2c.o
                                                  build/stm32g4xx_hal_uart.o
                                                  build/stm32g4xx_hal_uart_ex.o
                                                  build/stm32g4xx_hal_dma.o
                                                  build/stm32g4xx_hal_flash.o
                                                  build/stm32g4xx_hal_rcc_ex.o
                                                  build/stm32g4xx_hal_rcc.o
HAL_GetTickFreq                                   build/stm32g4xx_hal.o
HAL_GetTickPrio                                   build/stm32g4xx_hal.o
HAL_GetUIDw0                                      build/stm32g4xx_hal.o
HAL_GetUIDw1                                      build/stm32g4xx_hal.o
HAL_GetUIDw2                                      build/stm32g4xx_hal.o
HAL_HalfDuplex_EnableReceiver                     build/stm32g4xx_hal_uart.o
HAL_HalfDuplex_EnableTransmitter                  build/stm32g4xx_hal_uart.o
HAL_HalfDuplex_Init                               build/stm32g4xx_hal_uart.o
HAL_I2CEx_ConfigAnalogFilter                      build/stm32g4xx_hal_i2c_ex.o
                                                  build/main.o
HAL_I2CEx_ConfigDigitalFilter                     build/stm32g4xx_hal_i2c_ex.o
                                                  build/main.o
HAL_I2CEx_DisableFastModePlus                     build/stm32g4xx_hal_i2c_ex.o
HAL_I2CEx_DisableWakeUp                           build/stm32g4xx_hal_i2c_ex.o
HAL_I2CEx_EnableFastModePlus                      build/stm32g4xx_hal_i2c_ex.o
HAL_I2CEx_EnableWakeUp                            build/stm32g4xx_hal_i2c_ex.o
HAL_I2C_AbortCpltCallback                         build/stm32g4xx_hal_i2c.o
HAL_I2C_AddrCallback                              build/stm32g4xx_hal_i2c.o
HAL_I2C_DeInit                                    build/stm32g4xx_hal_i2c.o
HAL_I2C_DisableListen_IT                          build/stm32g4xx_hal_i2c.o
HAL_I2C_ER_IRQHandler                             build/stm32g4xx_hal_i2c.o
HAL_I2C_EV_IRQHandler                             build/stm32g4xx_hal_i2c.o
HAL_I2C_EnableListen_IT                           build/stm32g4xx_hal_i2c.o
HAL_I2C_ErrorCallback                             build/stm32g4xx_hal_i2c.o
HAL_I2C_GetError                                  build/stm32g4xx_hal_i2c.o
HAL_I2C_GetMode                                   build/stm32g4xx_hal_i2c.o
HAL_I2C_GetState                                  build/stm32g4xx_hal_i2c.o
HAL_I2C_Init                                      build/stm32g4xx_hal_i2c.o
                                                  build/main.o
HAL_I2C_IsDeviceReady                             build/stm32g4xx_hal_i2c.o
HAL_I2C_ListenCpltCallback                        build/stm32g4xx_hal_i2c.o
HAL_I2C_MasterRxCpltCallback                      build/stm32g4xx_hal_i2c.o
HAL_I2C_MasterTxCpltCallback                      build/stm32g4xx_hal_i2c.o
HAL_I2C_Master_Abort_IT                           build/stm32g4xx_hal_i2c.o
HAL_I2C_Master_Receive                            build/stm32g4xx_hal_i2c.o
                                                  build/main.o
HAL_I2C_Master_Receive_DMA                        build/stm32g4xx_hal_i2c.o
HAL_I2C_Master_Receive_IT                         build/stm32g4xx_hal_i2c.o
HAL_I2C_Master_Seq_Receive_DMA                    build/stm32g4xx_hal_i2c.o
HAL_I2C_Master_Seq_Receive_IT                     build/stm32g4xx_hal_i2c.o
HAL_I2C_Master_Seq_Transmit_DMA                   build/stm32g4xx_hal_i2c.o
HAL_I2C_Master_Seq_Transmit_IT                    build/stm32g4xx_hal_i2c.o
HAL_I2C_Master_Transmit                           build/stm32g4xx_hal_i2c.o
                                                  build/main.o
HAL_I2C_Master_Transmit_DMA                       build/stm32g4xx_hal_i2c.o
HAL_I2C_Master_Transmit_IT                        build/stm32g4xx_hal_i2c.o
HAL_I2C_MemRxCpltCallback                         build/stm32g4xx_hal_i2c.o
HAL_I2C_MemTxCpltCallback                         build/stm32g4xx_hal_i2c.o
HAL_I2C_Mem_Read                                  build/stm32g4xx_hal_i2c.o
HAL_I2C_Mem_Read_DMA                              build/stm32g4xx_hal_i2c.o
HAL_I2C_Mem_Read_IT                               build/stm32g4xx_hal_i2c.o
HAL_I2C_Mem_Write                                 build/stm32g4xx_hal_i2c.o
HAL_I2C_Mem_Write_DMA                             build/stm32g4xx_hal_i2c.o
HAL_I2C_Mem_Write_IT                              build/stm32g4xx_hal_i2c.o
HAL_I2C_MspDeInit                                 build/stm32g4xx_hal_msp.o
HAL_I2C_MspInit                                   build/stm32g4xx_hal_msp.o
HAL_I2C_SlaveRxCpltCallback                       build/stm32g4xx_hal_i2c.o
HAL_I2C_SlaveTxCpltCallback                       build/stm32g4xx_hal_i2c.o
HAL_I2C_Slave_Receive                             build/stm32g4xx_hal_i2c.o
HAL_I2C_Slave_Receive_DMA                         build/stm32g4xx_hal_i2c.o
HAL_I2C_Slave_Receive_IT                          build/stm32g4xx_hal_i2c.o
HAL_I2C_Slave_Seq_Receive_DMA                     build/stm32g4xx_hal_i2c.o
HAL_I2C_Slave_Seq_Receive_IT                      build/stm32g4xx_hal_i2c.o
HAL_I2C_Slave_Seq_Transmit_DMA                    build/stm32g4xx_hal_i2c.o
HAL_I2C_Slave_Seq_Transmit_IT                     build/stm32g4xx_hal_i2c.o
HAL_I2C_Slave_Transmit                            build/stm32g4xx_hal_i2c.o
HAL_I2C_Slave_Transmit_DMA                        build/stm32g4xx_hal_i2c.o
HAL_I2C_Slave_Transmit_IT                         build/stm32g4xx_hal_i2c.o
HAL_IncTick                                       build/stm32g4xx_hal.o
                                                  build/stm32g4xx_it.o
HAL_Init                                          build/stm32g4xx_hal.o
                                                  build/main.o
HAL_InitTick                                      build/stm32g4xx_hal.o
                                                  build/stm32g4xx_hal_rcc.o
HAL_LIN_Init                                      build/stm32g4xx_hal_uart.o
HAL_LIN_SendBreak                                 build/stm32g4xx_hal_uart.o
HAL_MPU_ConfigRegion                              build/stm32g4xx_hal_cortex.o
HAL_MPU_Disable                                   build/stm32g4xx_hal_cortex.o
HAL_MPU_DisableRegion                             build/stm32g4xx_hal_cortex.o
HAL_MPU_Enable                                    build/stm32g4xx_hal_cortex.o
HAL_MPU_EnableRegion                              build/stm32g4xx_hal_cortex.o
HAL_MspDeInit                                     build/stm32g4xx_hal.o
HAL_MspInit                                       build/stm32g4xx_hal_msp.o
HAL_MultiProcessorEx_AddressLength_Set            build/stm32g4xx_hal_uart_ex.o
HAL_MultiProcessor_DisableMuteMode                build/stm32g4xx_hal_uart.o
HAL_MultiProcessor_EnableMuteMode                 build/stm32g4xx_hal_uart.o
HAL_MultiProcessor_EnterMuteMode                  build/stm32g4xx_hal_uart.o
HAL_MultiProcessor_Init                           build/stm32g4xx_hal_uart.o
HAL_NVIC_ClearPendingIRQ                          build/stm32g4xx_hal_cortex.o
HAL_NVIC_DisableIRQ                               build/stm32g4xx_hal_cortex.o
                                                  build/stm32g4xx_nucleo.o
HAL_NVIC_EnableIRQ                                build/stm32g4xx_hal_cortex.o
                                                  build/stm32g4xx_nucleo.o
HAL_NVIC_GetActive                                build/stm32g4xx_hal_cortex.o
HAL_NVIC_GetPendingIRQ                            build/stm32g4xx_hal_cortex.o
HAL_NVIC_GetPriority                              build/stm32g4xx_hal_cortex.o
HAL_NVIC_GetPriorityGrouping                      build/stm32g4xx_hal_cortex.o
HAL_NVIC_SetPendingIRQ                            build/stm32g4xx_hal_cortex.o
HAL_NVIC_SetPriority                              build/stm32g4xx_hal_cortex.o
                                                  build/stm32g4xx_hal.o
                                                  build/stm32g4xx_nucleo.o
HAL_NVIC_SetPriorityGrouping                      build/stm32g4xx_hal_cortex.o
                                                  build/stm32g4xx_hal.o
HAL_NVIC_SystemReset                              build/stm32g4xx_hal_cortex.o
HAL_PWREx_ConfigPVM                               build/stm32g4xx_hal_pwr_ex.o
HAL_PWREx_ControlVoltageScaling                   build/stm32g4xx_hal_pwr_ex.o
                                                  build/main.o
HAL_PWREx_DisableBatteryCharging                  build/stm32g4xx_hal_pwr_ex.o
HAL_PWREx_DisableGPIOPullDown                     build/stm32g4xx_hal_pwr_ex.o
HAL_PWREx_DisableGPIOPullUp                       build/stm32g4xx_hal_pwr_ex.o
HAL_PWREx_DisableInternalWakeUpLine               build/stm32g4xx_hal_pwr_ex.o
HAL_PWREx_DisableLowPowerRunMode                  build/stm32g4xx_hal_pwr_ex.o
                                                  build/stm32g4xx_hal_pwr.o
HAL_PWREx_DisablePVM1                             build/stm32g4xx_hal_pwr_ex.o
HAL_PWREx_DisablePVM2                             build/stm32g4xx_hal_pwr_ex.o
HAL_PWREx_DisablePVM3                             build/stm32g4xx_hal_pwr_ex.o
HAL_PWREx_DisablePVM4                             build/stm32g4xx_hal_pwr_ex.o
HAL_PWREx_DisablePullUpPullDownConfig             build/stm32g4xx_hal_pwr_ex.o
HAL_PWREx_DisableSRAM2ContentRetention            build/stm32g4xx_hal_pwr_ex.o
HAL_PWREx_DisableUCPDDeadBattery                  build/stm32g4xx_hal_pwr_ex.o
                                                  build/stm32g4xx_hal_msp.o
HAL_PWREx_DisableUCPDStandbyMode                  build/stm32g4xx_hal_pwr_ex.o
HAL_PWREx_EnableBatteryCharging                   build/stm32g4xx_hal_pwr_ex.o
HAL_PWREx_EnableGPIOPullDown                      build/stm32g4xx_hal_pwr_ex.o
HAL_PWREx_EnableGPIOPullUp                        build/stm32g4xx_hal_pwr_ex.o
HAL_PWREx_EnableInternalWakeUpLine                build/stm32g4xx_hal_pwr_ex.o
HAL_PWREx_EnableLowPowerRunMode                   build/stm32g4xx_hal_pwr_ex.o
                                                  build/stm32g4xx_hal_pwr.o
HAL_PWREx_EnablePVM1                              build/stm32g4xx_hal_pwr_ex.o
HAL_PWREx_EnablePVM2                              build/stm32g4xx_hal_pwr_ex.o
HAL_PWREx_EnablePVM3                              build/stm32g4xx_hal_pwr_ex.o
HAL_PWREx_EnablePVM4                              build/stm32g4xx_hal_pwr_ex.o
HAL_PWREx_EnablePullUpPullDownConfig              build/stm32g4xx_hal_pwr_ex.o
HAL_PWREx_EnableSRAM2ContentRetention             build/stm32g4xx_hal_pwr_ex.o
HAL_PWREx_EnableUCPDDeadBattery                   build/stm32g4xx_hal_pwr_ex.o
HAL_PWREx_EnableUCPDStandbyMode                   build/stm32g4xx_hal_pwr_ex.o
HAL_PWREx_EnterSHUTDOWNMode                       build/stm32g4xx_hal_pwr_ex.o
HAL_PWREx_EnterSTOP0Mode                          build/stm32g4xx_hal_pwr_ex.o
                                                  build/stm32g4xx_hal_pwr.o
HAL_PWREx_EnterSTOP1Mode                          build/stm32g4xx_hal_pwr_ex.o
                                                  build/stm32g4xx_hal_pwr.o
HAL_PWREx_GetVoltageRange                         build/stm32g4xx_hal_pwr_ex.o
HAL_PWREx_PVD_PVM_IRQHandler                      build/stm32g4xx_hal_pwr_ex.o
HAL_PWREx_PVM1Callback                            build/stm32g4xx_hal_pwr_ex.o
HAL_PWREx_PVM2Callback                            build/stm32g4xx_hal_pwr_ex.o
HAL_PWREx_PVM3Callback                            build/stm32g4xx_hal_pwr_ex.o
HAL_PWREx_PVM4Callback                            build/stm32g4xx_hal_pwr_ex.o
HAL_PWR_ConfigPVD                                 build/stm32g4xx_hal_pwr.o
HAL_PWR_DeInit                                    build/stm32g4xx_hal_pwr.o
HAL_PWR_DisableBkUpAccess                         build/stm32g4xx_hal_pwr.o
                                                  build/stm32g4xx_hal_rcc_ex.o
HAL_PWR_DisablePVD                                build/stm32g4xx_hal_pwr.o
HAL_PWR_DisableSEVOnPend                          build/stm32g4xx_hal_pwr.o
HAL_PWR_DisableSleepOnExit                        build/stm32g4xx_hal_pwr.o
HAL_PWR_DisableWakeUpPin                          build/stm32g4xx_hal_pwr.o
HAL_PWR_EnableBkUpAccess                          build/stm32g4xx_hal_pwr.o
                                                  build/stm32g4xx_hal_rcc_ex.o
HAL_PWR_EnablePVD                                 build/stm32g4xx_hal_pwr.o
HAL_PWR_EnableSEVOnPend                           build/stm32g4xx_hal_pwr.o
HAL_PWR_EnableSleepOnExit                         build/stm32g4xx_hal_pwr.o
HAL_PWR_EnableWakeUpPin                           build/stm32g4xx_hal_pwr.o
HAL_PWR_EnterSLEEPMode                            build/stm32g4xx_hal_pwr.o
HAL_PWR_EnterSTANDBYMode                          build/stm32g4xx_hal_pwr.o
HAL_PWR_EnterSTOPMode                             build/stm32g4xx_hal_pwr.o
HAL_PWR_PVDCallback                               build/stm32g4xx_hal_pwr.o
                                                  build/stm32g4xx_hal_pwr_ex.o
HAL_RCCEx_CRSConfig                               build/stm32g4xx_hal_rcc_ex.o
HAL_RCCEx_CRSGetSynchronizationInfo               build/stm32g4xx_hal_rcc_ex.o
HAL_RCCEx_CRSSoftwareSynchronizationGenerate      build/stm32g4xx_hal_rcc_ex.o
HAL_RCCEx_CRSWaitSynchronization                  build/stm32g4xx_hal_rcc_ex.o
HAL_RCCEx_CRS_ErrorCallback                       build/stm32g4xx_hal_rcc_ex.o
HAL_RCCEx_CRS_ExpectedSyncCallback                build/stm32g4xx_hal_rcc_ex.o
HAL_RCCEx_CRS_IRQHandler                          build/stm32g4xx_hal_rcc_ex.o
HAL_RCCEx_CRS_SyncOkCallback                      build/stm32g4xx_hal_rcc_ex.o
HAL_RCCEx_CRS_SyncWarnCallback                    build/stm32g4xx_hal_rcc_ex.o
HAL_RCCEx_DisableLSCO                             build/stm32g4xx_hal_rcc_ex.o
HAL_RCCEx_DisableLSECSS                           build/stm32g4xx_hal_rcc_ex.o
HAL_RCCEx_EnableLSCO                              build/stm32g4xx_hal_rcc_ex.o
HAL_RCCEx_EnableLSECSS                            build/stm32g4xx_hal_rcc_ex.o
HAL_RCCEx_EnableLSECSS_IT                         build/stm32g4xx_hal_rcc_ex.o
HAL_RCCEx_GetPeriphCLKConfig                      build/stm32g4xx_hal_rcc_ex.o
HAL_RCCEx_GetPeriphCLKFreq                        build/stm32g4xx_hal_rcc_ex.o
HAL_RCCEx_LSECSS_Callback                         build/stm32g4xx_hal_rcc_ex.o
HAL_RCCEx_LSECSS_IRQHandler                       build/stm32g4xx_hal_rcc_ex.o
HAL_RCCEx_PeriphCLKConfig                         build/stm32g4xx_hal_rcc_ex.o
                                                  build/stm32g4xx_hal_msp.o
HAL_RCC_CSSCallback                               build/stm32g4xx_hal_rcc.o
HAL_RCC_ClockConfig                               build/stm32g4xx_hal_rcc.o
                                                  build/main.o
HAL_RCC_DeInit                                    build/stm32g4xx_hal_rcc.o
HAL_RCC_DisableLSECSS                             build/stm32g4xx_hal_rcc.o
HAL_RCC_EnableCSS                                 build/stm32g4xx_hal_rcc.o
HAL_RCC_EnableLSECSS                              build/stm32g4xx_hal_rcc.o
HAL_RCC_GetClockConfig                            build/stm32g4xx_hal_rcc.o
HAL_RCC_GetHCLKFreq                               build/stm32g4xx_hal_rcc.o
HAL_RCC_GetOscConfig                              build/stm32g4xx_hal_rcc.o
HAL_RCC_GetPCLK1Freq                              build/stm32g4xx_hal_rcc.o
                                                  build/stm32g4xx_hal_uart.o
                                                  build/stm32g4xx_hal_rcc_ex.o
HAL_RCC_GetPCLK2Freq                              build/stm32g4xx_hal_rcc.o
                                                  build/stm32g4xx_hal_uart.o
                                                  build/stm32g4xx_hal_rcc_ex.o
HAL_RCC_GetSysClockFreq                           build/stm32g4xx_hal_rcc.o
                                                  build/stm32g4xx_hal_uart.o
                                                  build/stm32g4xx_hal_rcc_ex.o
HAL_RCC_MCOConfig                                 build/stm32g4xx_hal_rcc.o
HAL_RCC_NMI_IRQHandler                            build/stm32g4xx_hal_rcc.o
HAL_RCC_OscConfig                                 build/stm32g4xx_hal_rcc.o
                                                  build/main.o
HAL_RS485Ex_Init                                  build/stm32g4xx_hal_uart_ex.o
HAL_ResumeTick                                    build/stm32g4xx_hal.o
HAL_SYSCFG_CCMSRAMErase                           build/stm32g4xx_hal.o
HAL_SYSCFG_CCMSRAM_WriteProtectionEnable          build/stm32g4xx_hal.o
HAL_SYSCFG_DisableIOSwitchBooster                 build/stm32g4xx_hal.o
HAL_SYSCFG_DisableIOSwitchVDD                     build/stm32g4xx_hal.o
HAL_SYSCFG_DisableMemorySwappingBank              build/stm32g4xx_hal.o
HAL_SYSCFG_DisableVREFBUF                         build/stm32g4xx_hal.o
HAL_SYSCFG_EnableIOSwitchBooster                  build/stm32g4xx_hal.o
HAL_SYSCFG_EnableIOSwitchVDD                      build/stm32g4xx_hal.o
HAL_SYSCFG_EnableMemorySwappingBank               build/stm32g4xx_hal.o
HAL_SYSCFG_EnableVREFBUF                          build/stm32g4xx_hal.o
HAL_SYSCFG_VREFBUF_HighImpedanceConfig            build/stm32g4xx_hal.o
HAL_SYSCFG_VREFBUF_TrimmingConfig                 build/stm32g4xx_hal.o
HAL_SYSCFG_VREFBUF_VoltageScalingConfig           build/stm32g4xx_hal.o
HAL_SYSTICK_CLKSourceConfig                       build/stm32g4xx_hal_cortex.o
HAL_SYSTICK_Callback                              build/stm32g4xx_hal_cortex.o
HAL_SYSTICK_Config                                build/stm32g4xx_hal_cortex.o
                                                  build/stm32g4xx_hal.o
HAL_SYSTICK_IRQHandler                            build/stm32g4xx_hal_cortex.o
HAL_SetTickFreq                                   build/stm32g4xx_hal.o
HAL_SuspendTick                                   build/stm32g4xx_hal.o
HAL_UARTEx_DisableFifoMode                        build/stm32g4xx_hal_uart_ex.o
HAL_UARTEx_DisableStopMode                        build/stm32g4xx_hal_uart_ex.o
HAL_UARTEx_EnableFifoMode                         build/stm32g4xx_hal_uart_ex.o
HAL_UARTEx_EnableStopMode                         build/stm32g4xx_hal_uart_ex.o
HAL_UARTEx_GetRxEventType                         build/stm32g4xx_hal_uart_ex.o
HAL_UARTEx_ReceiveToIdle                          build/stm32g4xx_hal_uart_ex.o
HAL_UARTEx_ReceiveToIdle_DMA                      build/stm32g4xx_hal_uart_ex.o
HAL_UARTEx_ReceiveToIdle_IT                       build/stm32g4xx_hal_uart_ex.o
HAL_UARTEx_RxEventCallback                        build/stm32g4xx_hal_uart.o
HAL_UARTEx_RxFifoFullCallback                     build/stm32g4xx_hal_uart_ex.o
                                                  build/stm32g4xx_hal_uart.o
HAL_UARTEx_SetRxFifoThreshold                     build/stm32g4xx_hal_uart_ex.o
HAL_UARTEx_SetTxFifoThreshold                     build/stm32g4xx_hal_uart_ex.o
HAL_UARTEx_StopModeWakeUpSourceConfig             build/stm32g4xx_hal_uart_ex.o
HAL_UARTEx_TxFifoEmptyCallback                    build/stm32g4xx_hal_uart_ex.o
                                                  build/stm32g4xx_hal_uart.o
HAL_UARTEx_WakeupCallback                         build/stm32g4xx_hal_uart_ex.o
                                                  build/stm32g4xx_hal_uart.o
HAL_UART_Abort                                    build/stm32g4xx_hal_uart.o
HAL_UART_AbortCpltCallback                        build/stm32g4xx_hal_uart.o
HAL_UART_AbortReceive                             build/stm32g4xx_hal_uart.o
HAL_UART_AbortReceiveCpltCallback                 build/stm32g4xx_hal_uart.o
HAL_UART_AbortReceive_IT                          build/stm32g4xx_hal_uart.o
HAL_UART_AbortTransmit                            build/stm32g4xx_hal_uart.o
HAL_UART_AbortTransmitCpltCallback                build/stm32g4xx_hal_uart.o
HAL_UART_AbortTransmit_IT                         build/stm32g4xx_hal_uart.o
HAL_UART_Abort_IT                                 build/stm32g4xx_hal_uart.o
HAL_UART_DMAPause                                 build/stm32g4xx_hal_uart.o
HAL_UART_DMAResume                                build/stm32g4xx_hal_uart.o
HAL_UART_DMAStop                                  build/stm32g4xx_hal_uart.o
HAL_UART_DeInit                                   build/stm32g4xx_hal_uart.o
                                                  build/stm32g4xx_nucleo.o
HAL_UART_DisableReceiverTimeout                   build/stm32g4xx_hal_uart.o
HAL_UART_EnableReceiverTimeout                    build/stm32g4xx_hal_uart.o
HAL_UART_ErrorCallback                            build/stm32g4xx_hal_uart.o
HAL_UART_GetError                                 build/stm32g4xx_hal_uart.o
HAL_UART_GetState                                 build/stm32g4xx_hal_uart.o
HAL_UART_IRQHandler                               build/stm32g4xx_hal_uart.o
HAL_UART_Init                                     build/stm32g4xx_hal_uart.o
                                                  build/stm32g4xx_nucleo.o
HAL_UART_MspDeInit                                build/stm32g4xx_hal_uart.o
HAL_UART_MspInit                                  build/stm32g4xx_hal_uart.o
                                                  build/stm32g4xx_hal_uart_ex.o
HAL_UART_Receive                                  build/stm32g4xx_hal_uart.o
HAL_UART_Receive_DMA                              build/stm32g4xx_hal_uart.o
HAL_UART_Receive_IT                               build/stm32g4xx_hal_uart.o
HAL_UART_ReceiverTimeout_Config                   build/stm32g4xx_hal_uart.o
HAL_UART_RxCpltCallback                           build/stm32g4xx_hal_uart.o
HAL_UART_RxHalfCpltCallback                       build/stm32g4xx_hal_uart.o
HAL_UART_Transmit                                 build/stm32g4xx_hal_uart.o
                                                  build/stm32g4xx_nucleo.o
HAL_UART_Transmit_DMA                             build/stm32g4xx_hal_uart.o
HAL_UART_Transmit_IT                              build/stm32g4xx_hal_uart.o
HAL_UART_TxCpltCallback                           build/stm32g4xx_hal_uart.o
HAL_UART_TxHalfCpltCallback                       build/stm32g4xx_hal_uart.o
HRTIM1_FLT_IRQHandler                             build/startup_stm32g474xx.o
HRTIM1_Master_IRQHandler                          build/startup_stm32g474xx.o
HRTIM1_TIMA_IRQHandler                            build/startup_stm32g474xx.o
HRTIM1_TIMB_IRQHandler                            build/startup_stm32g474xx.o
HRTIM1_TIMC_IRQHandler                            build/startup_stm32g474xx.o
HRTIM1_TIMD_IRQHandler                            build/startup_stm32g474xx.o
HRTIM1_TIME_IRQHandler                            build/startup_stm32g474xx.o
HRTIM1_TIMF_IRQHandler                            build/startup_stm32g474xx.o
HardFault_Handler                                 build/stm32g4xx_it.o
I2C1_ER_IRQHandler                                build/startup_stm32g474xx.o
I2C1_EV_IRQHandler                                build/startup_stm32g474xx.o
I2C2_ER_IRQHandler                                build/startup_stm32g474xx.o
I2C2_EV_IRQHandler                                build/startup_stm32g474xx.o
I2C3_ER_IRQHandler                                build/startup_stm32g474xx.o
I2C3_EV_IRQHandler                                build/startup_stm32g474xx.o
I2C4_ER_IRQHandler                                build/startup_stm32g474xx.o
I2C4_EV_IRQHandler                                build/startup_stm32g474xx.o
LPTIM1_IRQHandler                                 build/startup_stm32g474xx.o
LPUART1_IRQHandler                                build/startup_stm32g474xx.o
MX_LPUART1_Init                                   build/stm32g4xx_nucleo.o
MemManage_Handler                                 build/stm32g4xx_it.o
NMI_Handler                                       build/stm32g4xx_it.o
PVD_PVM_IRQHandler                                build/startup_stm32g474xx.o
PendSV_Handler                                    build/stm32g4xx_it.o
QUADSPI_IRQHandler                                build/startup_stm32g474xx.o
RCC_IRQHandler                                    build/startup_stm32g474xx.o
RNG_IRQHandler                                    build/startup_stm32g474xx.o
RTC_Alarm_IRQHandler                              build/startup_stm32g474xx.o
RTC_TAMP_LSECSS_IRQHandler                        build/startup_stm32g474xx.o
RTC_WKUP_IRQHandler                               build/startup_stm32g474xx.o
Reset_Handler                                     build/startup_stm32g474xx.o
SAI1_IRQHandler                                   build/startup_stm32g474xx.o
SPI1_IRQHandler                                   build/startup_stm32g474xx.o
SPI2_IRQHandler                                   build/startup_stm32g474xx.o
SPI3_IRQHandler                                   build/startup_stm32g474xx.o
SPI4_IRQHandler                                   build/startup_stm32g474xx.o
SVC_Handler                                       build/stm32g4xx_it.o
SysTick_Handler                                   build/stm32g4xx_it.o
SystemClock_Config                                build/main.o
SystemCoreClock                                   build/system_stm32g4xx.o
                                                  build/stm32g4xx_hal_pwr_ex.o
                                                  build/stm32g4xx_hal_flash_ramfunc.o
                                                  build/stm32g4xx_hal_rcc.o
                                                  build/stm32g4xx_hal.o
SystemCoreClockUpdate                             build/system_stm32g4xx.o
SystemInit                                        build/system_stm32g4xx.o
                                                  build/startup_stm32g474xx.o
TIM1_BRK_TIM15_IRQHandler                         build/startup_stm32g474xx.o
TIM1_CC_IRQHandler                                build/startup_stm32g474xx.o
TIM1_TRG_COM_TIM17_IRQHandler                     build/startup_stm32g474xx.o
TIM1_UP_TIM16_IRQHandler                          build/startup_stm32g474xx.o
TIM20_BRK_IRQHandler                              build/startup_stm32g474xx.o
TIM20_CC_IRQHandler                               build/startup_stm32g474xx.o
TIM20_TRG_COM_IRQHandler                          build/startup_stm32g474xx.o
TIM20_UP_IRQHandler                               build/startup_stm32g474xx.o
TIM2_IRQHandler                                   build/startup_stm32g474xx.o
TIM3_IRQHandler                                   build/startup_stm32g474xx.o
TIM4_IRQHandler                                   build/startup_stm32g474xx.o
TIM5_IRQHandler                                   build/startup_stm32g474xx.o
TIM6_DAC_IRQHandler                               build/startup_stm32g474xx.o
TIM7_DAC_IRQHandler                               build/startup_stm32g474xx.o
TIM8_BRK_IRQHandler                               build/startup_stm32g474xx.o
TIM8_CC_IRQHandler                                build/startup_stm32g474xx.o
TIM8_TRG_COM_IRQHandler                           build/startup_stm32g474xx.o
TIM8_UP_IRQHandler                                build/startup_stm32g474xx.o
UART4_IRQHandler                                  build/startup_stm32g474xx.o
UART5_IRQHandler                                  build/startup_stm32g474xx.o
UARTPrescTable                                    build/stm32g4xx_hal_uart.o
UART_AdvFeatureConfig                             build/stm32g4xx_hal_uart.o
                                                  build/stm32g4xx_hal_uart_ex.o
UART_CheckIdleState                               build/stm32g4xx_hal_uart.o
                                                  build/stm32g4xx_hal_uart_ex.o
UART_SetConfig                                    build/stm32g4xx_hal_uart.o
                                                  build/stm32g4xx_hal_uart_ex.o
UART_Start_Receive_DMA                            build/stm32g4xx_hal_uart.o
                                                  build/stm32g4xx_hal_uart_ex.o
UART_Start_Receive_IT                             build/stm32g4xx_hal_uart.o
                                                  build/stm32g4xx_hal_uart_ex.o
UART_WaitOnFlagUntilTimeout                       build/stm32g4xx_hal_uart.o
                                                  build/stm32g4xx_hal_uart_ex.o
UCPD1_IRQHandler                                  build/startup_stm32g474xx.o
USART1_IRQHandler                                 build/startup_stm32g474xx.o
USART2_IRQHandler                                 build/startup_stm32g474xx.o
USART3_IRQHandler                                 build/startup_stm32g474xx.o
USBWakeUp_IRQHandler                              build/startup_stm32g474xx.o
USB_HP_IRQHandler                                 build/startup_stm32g474xx.o
USB_LP_IRQHandler                                 build/startup_stm32g474xx.o
UsageFault_Handler                                build/stm32g4xx_it.o
WWDG_IRQHandler                                   build/startup_stm32g474xx.o
_ITM_deregisterTMCloneTable                       /usr/lib/gcc/arm-none-eabi/13.2.1/thumb/v7e-m+fp/hard/crtbegin.o
_ITM_registerTMCloneTable                         /usr/lib/gcc/arm-none-eabi/13.2.1/thumb/v7e-m+fp/hard/crtbegin.o
__TMC_END__                                       /usr/lib/gcc/arm-none-eabi/13.2.1/thumb/v7e-m+fp/hard/crtend.o
                                                  /usr/lib/gcc/arm-none-eabi/13.2.1/thumb/v7e-m+fp/hard/crtbegin.o
__aeabi_idiv0                                     /usr/lib/gcc/arm-none-eabi/13.2.1/thumb/v7e-m+fp/hard/libgcc.a(_dvmd_tls.o)
__aeabi_ldiv0                                     /usr/lib/gcc/arm-none-eabi/13.2.1/thumb/v7e-m+fp/hard/libgcc.a(_dvmd_tls.o)
                                                  /usr/lib/gcc/arm-none-eabi/13.2.1/thumb/v7e-m+fp/hard/libgcc.a(_aeabi_uldivmod.o)
__aeabi_uldivmod                                  /usr/lib/gcc/arm-none-eabi/13.2.1/thumb/v7e-m+fp/hard/libgcc.a(_aeabi_uldivmod.o)
                                                  build/stm32g4xx_hal_uart.o
__atexit                                          /usr/lib/gcc/arm-none-eabi/13.2.1/../../../arm-none-eabi/lib/thumb/v7e-m+fp/hard/libc_nano.a(libc_a-__call_atexit.o)
                                                  /usr/lib/gcc/arm-none-eabi/13.2.1/../../../arm-none-eabi/lib/thumb/v7e-m+fp/hard/libc_nano.a(libc_a-__atexit.o)
__atexit0                                         /usr/lib/gcc/arm-none-eabi/13.2.1/../../../arm-none-eabi/lib/thumb/v7e-m+fp/hard/libc_nano.a(libc_a-__atexit.o)
__atexit_dummy                                    /usr/lib/gcc/arm-none-eabi/13.2.1/../../../arm-none-eabi/lib/thumb/v7e-m+fp/hard/libc_nano.a(libc_a-__atexit.o)
__bss_end__                                       /usr/lib/gcc/arm-none-eabi/13.2.1/../../../arm-none-eabi/lib/thumb/v7e-m+fp/hard/crt0.o
__bss_start__                                     /usr/lib/gcc/arm-none-eabi/13.2.1/../../../arm-none-eabi/lib/thumb/v7e-m+fp/hard/crt0.o
__call_exitprocs                                  /usr/lib/gcc/arm-none-eabi/13.2.1/../../../arm-none-eabi/lib/thumb/v7e-m+fp/hard/libc_nano.a(libc_a-__call_atexit.o)
                                                  /usr/lib/gcc/arm-none-eabi/13.2.1/../../../arm-none-eabi/lib/thumb/v7e-m+fp/hard/libc_nano.a(libc_a-__atexit.o)
                                                  /usr/lib/gcc/arm-none-eabi/13.2.1/../../../arm-none-eabi/lib/thumb/v7e-m+fp/hard/libc_nano.a(libc_a-exit.o)
__deregister_frame_info                           /usr/lib/gcc/arm-none-eabi/13.2.1/thumb/v7e-m+fp/hard/crtbegin.o
__dso_handle                                      /usr/lib/gcc/arm-none-eabi/13.2.1/thumb/v7e-m+fp/hard/crtbegin.o
__fini_array_end                                  /usr/lib/gcc/arm-none-eabi/13.2.1/../../../arm-none-eabi/lib/thumb/v7e-m+fp/hard/libc_nano.a(libc_a-fini.o)
__fini_array_start                                /usr/lib/gcc/arm-none-eabi/13.2.1/../../../arm-none-eabi/lib/thumb/v7e-m+fp/hard/libc_nano.a(libc_a-fini.o)
__fp_lock_all                                     /usr/lib/gcc/arm-none-eabi/13.2.1/../../../arm-none-eabi/lib/thumb/v7e-m+fp/hard/libc_nano.a(libc_a-findfp.o)
__fp_unlock_all                                   /usr/lib/gcc/arm-none-eabi/13.2.1/../../../arm-none-eabi/lib/thumb/v7e-m+fp/hard/libc_nano.a(libc_a-findfp.o)
__init_array_end                                  /usr/lib/gcc/arm-none-eabi/13.2.1/../../../arm-none-eabi/lib/thumb/v7e-m+fp/hard/libc_nano.a(libc_a-init.o)
__init_array_start                                /usr/lib/gcc/arm-none-eabi/13.2.1/../../../arm-none-eabi/lib/thumb/v7e-m+fp/hard/libc_nano.a(libc_a-init.o)
__io_putchar                                      build/stm32g4xx_nucleo.o
__libc_fini_array                                 /usr/lib/gcc/arm-none-eabi/13.2.1/../../../arm-none-eabi/lib/thumb/v7e-m+fp/hard/libc_nano.a(libc_a-fini.o)
                                                  /usr/lib/gcc/arm-none-eabi/13.2.1/../../../arm-none-eabi/lib/thumb/v7e-m+fp/hard/crt0.o
__libc_init_array                                 /usr/lib/gcc/arm-none-eabi/13.2.1/../../../arm-none-eabi/lib/thumb/v7e-m+fp/hard/libc_nano.a(libc_a-init.o)
                                                  build/startup_stm32g474xx.o
                                                  /usr/lib/gcc/arm-none-eabi/13.2.1/../../../arm-none-eabi/lib/thumb/v7e-m+fp/hard/crt0.o
__malloc_free_list                                /usr/lib/gcc/arm-none-eabi/13.2.1/../../../arm-none-eabi/lib/thumb/v7e-m+fp/hard/libc_nano.a(libc_a-mallocr.o)
                                                  /usr/lib/gcc/arm-none-eabi/13.2.1/../../../arm-none-eabi/lib/thumb/v7e-m+fp/hard/libc_nano.a(libc_a-freer.o)
__malloc_lock                                     /usr/lib/gcc/arm-none-eabi/13.2.1/../../../arm-none-eabi/lib/thumb/v7e-m+fp/hard/libc_nano.a(libc_a-mlock.o)
                                                  /usr/lib/gcc/arm-none-eabi/13.2.1/../../../arm-none-eabi/lib/thumb/v7e-m+fp/hard/libc_nano.a(libc_a-freer.o)
                                                  /usr/lib/gcc/arm-none-eabi/13.2.1/../../../arm-none-eabi/lib/thumb/v7e-m+fp/hard/libc_nano.a(libc_a-mallocr.o)
__malloc_sbrk_start                               /usr/lib/gcc/arm-none-eabi/13.2.1/../../../arm-none-eabi/lib/thumb/v7e-m+fp/hard/libc_nano.a(libc_a-mallocr.o)
__malloc_unlock                                   /usr/lib/gcc/arm-none-eabi/13.2.1/../../../arm-none-eabi/lib/thumb/v7e-m+fp/hard/libc_nano.a(libc_a-mlock.o)
                                                  /usr/lib/gcc/arm-none-eabi/13.2.1/../../../arm-none-eabi/lib/thumb/v7e-m+fp/hard/libc_nano.a(libc_a-freer.o)
                                                  /usr/lib/gcc/arm-none-eabi/13.2.1/../../../arm-none-eabi/lib/thumb/v7e-m+fp/hard/libc_nano.a(libc_a-mallocr.o)
__on_exit_args                                    /usr/lib/gcc/arm-none-eabi/13.2.1/../../../arm-none-eabi/lib/thumb/v7e-m+fp/hard/libc_nano.a(libc_a-__atexit.o)
__preinit_array_end                               /usr/lib/gcc/arm-none-eabi/13.2.1/../../../arm-none-eabi/lib/thumb/v7e-m+fp/hard/libc_nano.a(libc_a-init.o)
__preinit_array_start                             /usr/lib/gcc/arm-none-eabi/13.2.1/../../../arm-none-eabi/lib/thumb/v7e-m+fp/hard/libc_nano.a(libc_a-init.o)